============================================================================
DES-OLA (Dynamic Ensemble Selection) vs logreg — cptac_brca / TP53_mutation
Fecha: Wed Sep 23 11:37:23 CEST 2026
============================================================================
============================================================================
CONFIG: logreg oof (hist)
  Modelos: ctranspath uni_v2 virchow_v1 | meta_model: logreg | extra: --meta_features oof | suffix: _hist
  Inicio: Wed Sep 23 11:37:23 CEST 2026
============================================================================


Evaluating ensemble with meta-model: logreg
Results will be saved to: .../ensemble4_oof_hist/
🔎 Computing metrics across all folds...
✅ Metrics computation finished.
✓ logreg oof (hist) completado

============================================================================
CONFIG: des_ola oof (hist)
  Modelos: ctranspath uni_v2 virchow_v1 | meta_model: des_ola | extra: --meta_features oof --meta_des_k 10 --meta_des_smoothing 1.0 | suffix: _hist
  Inicio: Wed Sep 23 11:38:36 CEST 2026
============================================================================


Evaluating ensemble with meta-model: des_ola
Results will be saved to: .../ensemble4_des_ola_oof_hist/
🔎 Computing metrics across all folds...
✅ Metrics computation finished.
✓ des_ola oof (hist) completado

============================================================================
CONFIG: logreg oof (win)
  Modelos: ctranspath uni_v2 conch_v1_5 | meta_model: logreg | extra: --meta_features oof | suffix: _win
  Inicio: Wed Sep 23 11:39:05 CEST 2026
============================================================================


Evaluating ensemble with meta-model: logreg
Results will be saved to: .../ensemble4_oof_win/
🔎 Computing metrics across all folds...
✅ Metrics computation finished.
✓ logreg oof (win) completado

============================================================================
CONFIG: des_ola oof (win)
  Modelos: ctranspath uni_v2 conch_v1_5 | meta_model: des_ola | extra: --meta_features oof --meta_des_k 10 --meta_des_smoothing 1.0 | suffix: _win
  Inicio: Wed Sep 23 11:40:22 CEST 2026
============================================================================


Evaluating ensemble with meta-model: des_ola
Results will be saved to: .../ensemble4_des_ola_oof_win/
🔎 Computing metrics across all folds...
✅ Metrics computation finished.
✓ des_ola oof (win) completado

============================================================================
ANÁLISIS PAREADO (AUC, vía analyze_feature_engineering_ladder_v2.py)
============================================================================
==========================================================================================
ANÁLISIS: Feature Engineering Ladder (Idea 1)
Dataset: cptac_brca, Task: TP53_mutation
==========================================================================================

✓ logreg baseline (oof)               | n_folds=50 | AUC=0.7571 [0.7252, 0.7856]
✓ des_ola k:10 (oof)                  | n_folds=50 | AUC=0.7555 [0.7253, 0.7829]

==========================================================================================
COMPARACIONES PAREADAS vs BASELINE
==========================================================================================
Baseline: logreg baseline (oof)

Comparison                          |    Δ AUC |                    95% CI |    p-value |     Adj. p | Sig
--------------------------------------------------------------------------------------------------------------
des_ola k:10 (oof)                  | -0.001631 |         [-0.0091, 0.0062] |   0.691847 |   0.691847 |    

==========================================================================================
INTERPRETACIÓN
==========================================================================================
⚠️  Ningún escalón es significativamente diferente del baseline (Holm-Bonferroni α=0.05)

   El presupuesto estadístico (MDE ≈ ±0.016) es mayor que cualquier efecto real.
   Las features extras no capturan señal adicional significativa.

💾 Resultados guardados en: /home/JKP6679/Patho-Ensemble/results_des_ola_hist_cptac_brca_TP53_mutation.json

==========================================================================================
ANÁLISIS: Feature Engineering Ladder (Idea 1)
Dataset: cptac_brca, Task: TP53_mutation
==========================================================================================

✓ logreg baseline (oof)               | n_folds=50 | AUC=0.7830 [0.7503, 0.8118]
✓ des_ola k:10 (oof)                  | n_folds=50 | AUC=0.7946 [0.7673, 0.8199]

==========================================================================================
COMPARACIONES PAREADAS vs BASELINE
==========================================================================================
Baseline: logreg baseline (oof)

Comparison                          |    Δ AUC |                    95% CI |    p-value |     Adj. p | Sig
--------------------------------------------------------------------------------------------------------------
des_ola k:10 (oof)                  | +0.011628 |          [0.0008, 0.0278] |   0.111597 |   0.111597 |    

==========================================================================================
INTERPRETACIÓN
==========================================================================================
⚠️  Ningún escalón es significativamente diferente del baseline (Holm-Bonferroni α=0.05)

   El presupuesto estadístico (MDE ≈ ±0.016) es mayor que cualquier efecto real.
   Las features extras no capturan señal adicional significativa.

💾 Resultados guardados en: /home/JKP6679/Patho-Ensemble/results_des_ola_win_cptac_brca_TP53_mutation.json

============================================================================
W/T/L + MDE (protocolo completo, misma fórmula que src/run_meta_suite.py)
============================================================================

=== historico (ctranspath+uni_v2+virchow_v1) ===
  logreg  AUC = 0.7571 (n=50)
  des_ola AUC = 0.7555 (n=50)
  Delta AUC (des_ola - logreg) = -0.0016 [-0.0097, +0.0062]
  W/T/L = 20/7/23  p(Wilcoxon) = 0.5993  MDE(80% power) = 0.0115

=== ganador (ctranspath+uni_v2+conch_v1_5) ===
  logreg  AUC = 0.7830 (n=50)
  des_ola AUC = 0.7946 (n=50)
  Delta AUC (des_ola - logreg) = +0.0116 [+0.0005, +0.0280]
  W/T/L = 24/8/18  p(Wilcoxon) = 0.1383  MDE(80% power) = 0.0201

Guardado: /home/JKP6679/Patho-Ensemble/results_des_ola_wtl_cptac_brca_TP53_mutation.json
============================================================================
COMPLETADO — Fin: Wed Sep 23 11:41:29 CEST 2026
============================================================================

Resultados:
  /home/JKP6679/Patho-Ensemble/results_des_ola_hist_cptac_brca_TP53_mutation.json
  /home/JKP6679/Patho-Ensemble/results_des_ola_win_cptac_brca_TP53_mutation.json
  /home/JKP6679/Patho-Ensemble/results_des_ola_wtl_cptac_brca_TP53_mutation.json
