================================================================================
🚀 EXPERIMENTO EXTENDIDO (FIXED): Deep MLP Snapshot + TabPFN (con/sin Snapshot)
================================================================================

Configuración:
  Dataset: cptac_brca / TP53_mutation
  Modelos base: ctranspath, uni_v2, virchow_v1
  Meta-modelos (reparados):
    1. Deep MLP Snapshot (con CosineAnnealingWarmRestarts)
    2. TabPFN (N-Point Tabular Prior Foundation Network)
    3. TabPFN Snapshot
  Meta-features: Embeddings 1536-dim (ya generados)

🧠 Entrenando 3 meta-modelos (REPARADOS)...
========================================================================

  [1/3] Deep MLP Snapshot (CosineAnnealingWarmRestarts)...



Evaluating ensemble with meta-model: deep_mlp_snapshot
Results will be saved to: .../ensemble4_deep_mlp_snapshot_embeddings/
  0%|          | 0/50 [00:00<?, ?fold/s]Evaluating fold 1/50:   0%|          | 0/50 [00:00<?, ?fold/s]/home/JKP6679/miniconda3/envs/ensemble/lib/python3.10/site-packages/numpy/_core/fromnumeric.py:3860: RuntimeWarning: Mean of empty slice.
  return _methods._mean(a, axis=axis, dtype=dtype,
/home/JKP6679/miniconda3/envs/ensemble/lib/python3.10/site-packages/numpy/_core/_methods.py:145: RuntimeWarning: invalid value encountered in scalar divide
  ret = ret.dtype.type(ret / rcount)
                                                              Evaluating fold 1/50:   0%|          | 0/50 [00:06<?, ?fold/s]Evaluating fold 1/50:   0%|          | 0/50 [00:06<?, ?fold/s]
❌ Error en fold 0: index 1 is out of bounds for axis 1 with size 1
Traceback (most recent call last):
  File "/shared/home/JKP6679/Patho-Ensemble/src/ensemble4.py", line 665, in <module>
    main(**vars(args))
  File "/shared/home/JKP6679/Patho-Ensemble/src/ensemble4.py", line 557, in main
    preds, labels = Ensemble(
  File "/home/JKP6679/miniconda3/envs/ensemble/lib/python3.10/site-packages/torch/nn/modules/module.py", line 1751, in _wrapped_call_impl
    return self._call_impl(*args, **kwargs)
  File "/home/JKP6679/miniconda3/envs/ensemble/lib/python3.10/site-packages/torch/nn/modules/module.py", line 1762, in _call_impl
    return forward_call(*args, **kwargs)
  File "/shared/home/JKP6679/Patho-Ensemble/src/ensemble4.py", line 218, in forward
    _fit_meta_model(self.meta_model, X_train, y_train, X_val, y_val)
  File "/shared/home/JKP6679/Patho-Ensemble/src/ensemble4.py", line 33, in _fit_meta_model
    meta_model.fit(X_train, y_train, X_val=X_val, y_val=y_val)
  File "/shared/home/JKP6679/Patho-Ensemble/src/meta_models.py", line 994, in fit
    auc = self._auc(X_val, y_val)
  File "/shared/home/JKP6679/Patho-Ensemble/src/meta_models.py", line 1020, in _auc
    return roc_auc_score(y_val, probs[:, 1])
IndexError: index 1 is out of bounds for axis 1 with size 1
