================================================================================
🚀 EXPERIMENTO EXTENDIDO (FIXED v7): TabPFNClassifier minimal initialization
================================================================================

==========================================================================
  [1/3] Deep MLP Snapshot (CosineAnnealingWarmRestarts)
==========================================================================



Evaluating ensemble with meta-model: deep_mlp_snapshot
Results will be saved to: .../ensemble4_deep_mlp_snapshot_embeddings/
🔎 Computing metrics across all folds...
✅ Metrics computation finished.

✅ Deep MLP Snapshot completado

==========================================================================
  [2/3] TabPFN (Tabular Prior Foundation Network)
==========================================================================



Evaluating ensemble with meta-model: tabpfn
Results will be saved to: .../ensemble4_tabpfn_embeddings/
🔎 Computing metrics across all folds...
✅ Metrics computation finished.

✅ TabPFN completado

==========================================================================
  [3/3] TabPFN Snapshot
==========================================================================



Evaluating ensemble with meta-model: tabpfn_snapshot
Results will be saved to: .../ensemble4_tabpfn_snapshot_embeddings/
🔎 Computing metrics across all folds...
✅ Metrics computation finished.

✅ TabPFN Snapshot completado

================================================================================
✅ EXPERIMENTO EXTENDIDO (FIXED v7) COMPLETADO EXITOSAMENTE
================================================================================

Resultados guardados en:
  - ensemble4_deep_mlp_snapshot_embeddings/
  - ensemble4_tabpfn_embeddings/
  - ensemble4_tabpfn_snapshot_embeddings/

