============================================================================
IDEA 4 — ESCALA COMPLETA: EARLY FUSION A NIVEL DE PARCHE (50 FOLDS)
============================================================================
Configuración:
  Dataset: cptac_brca / Task: TP53_mutation
  Modelos fusionados: ctranspath + virchow_v1
  Modelo complementario: uni_v2
  Folds: 0-49 (50 folds completos — validación definitiva)
  Concatenación: por slide, ctranspath[768] ⊕ virchow_v1[2560] → [3328]
  Piloto 5-fold: Δ AUC = +0.0329 (4/5 folds mejores)
============================================================================
Fecha: Thu Aug 20 22:26:20 CEST 2026

  latent_dim auto-detectado: 768  (de features_ctranspath_monai)
  latent_dim auto-detectado: 2560  (de features_virchow_v1_monai)
Fused latent_dim: 3328 (sum of [768, 2560])

Verifying patch coordinate alignment across ['ctranspath', 'virchow_v1']...
✓ All slides have identical patch coordinates across models
Total folds available: 50

Loading and fusing features from ['ctranspath', 'virchow_v1']...
✓ Loaded 112 slides

============================================================
Fold 0
============================================================
✓ Model trained (val_auc=1.0000)

============================================================
Fold 1
============================================================
✓ Model trained (val_auc=0.9375)

============================================================
Fold 2
============================================================
✓ Model trained (val_auc=0.8214)

============================================================
Fold 3
============================================================
✓ Model trained (val_auc=0.8730)

============================================================
Fold 4
============================================================
✓ Model trained (val_auc=0.8730)

============================================================
Fold 5
============================================================
✓ Model trained (val_auc=0.6349)

============================================================
Fold 6
============================================================
✓ Model trained (val_auc=0.6800)

============================================================
Fold 7
============================================================
✓ Model trained (val_auc=0.9375)

============================================================
Fold 8
============================================================
✓ Model trained (val_auc=0.7091)

============================================================
Fold 9
============================================================
✓ Model trained (val_auc=0.8254)

============================================================
Fold 10
============================================================
✓ Model trained (val_auc=0.8519)

============================================================
Fold 11
============================================================
✓ Model trained (val_auc=0.5556)

============================================================
Fold 12
============================================================
✓ Model trained (val_auc=0.6984)

============================================================
Fold 13
============================================================
✓ Model trained (val_auc=0.9107)

============================================================
Fold 14
============================================================
✓ Model trained (val_auc=0.5238)

============================================================
Fold 15
============================================================
✓ Model trained (val_auc=0.8929)

============================================================
Fold 16
============================================================
✓ Model trained (val_auc=0.8364)

============================================================
Fold 17
============================================================
✓ Model trained (val_auc=0.8400)

============================================================
Fold 18
============================================================
✓ Model trained (val_auc=0.8214)

============================================================
Fold 19
============================================================
✓ Model trained (val_auc=0.6296)

============================================================
Fold 20
============================================================
✓ Model trained (val_auc=0.9062)

============================================================
Fold 21
============================================================
✓ Model trained (val_auc=0.7037)

============================================================
Fold 22
============================================================
✓ Model trained (val_auc=0.9400)

============================================================
Fold 23
============================================================
✓ Model trained (val_auc=0.8000)

============================================================
Fold 24
============================================================
✓ Model trained (val_auc=0.7500)

============================================================
Fold 25
============================================================
✓ Model trained (val_auc=0.5818)

============================================================
Fold 26
============================================================
✓ Model trained (val_auc=1.0000)

============================================================
Fold 27
============================================================
✓ Model trained (val_auc=0.7292)

============================================================
Fold 28
============================================================
✓ Model trained (val_auc=0.9062)

============================================================
Fold 29
============================================================
✓ Model trained (val_auc=0.8833)

============================================================
Fold 30
============================================================
✓ Model trained (val_auc=0.8889)

============================================================
Fold 31
============================================================
✓ Model trained (val_auc=0.6909)

============================================================
Fold 32
============================================================
✓ Model trained (val_auc=0.9273)

============================================================
Fold 33
============================================================
✓ Model trained (val_auc=0.9815)

============================================================
Fold 34
============================================================
✓ Model trained (val_auc=0.8571)

============================================================
Fold 35
============================================================
✓ Model trained (val_auc=1.0000)

============================================================
Fold 36
============================================================
✓ Model trained (val_auc=0.9524)

============================================================
Fold 37
============================================================
✓ Model trained (val_auc=0.9464)

============================================================
Fold 38
============================================================
✓ Model trained (val_auc=0.8167)

============================================================
Fold 39
============================================================
✓ Model trained (val_auc=0.7407)

============================================================
Fold 40
============================================================
✓ Model trained (val_auc=0.8333)

============================================================
Fold 41
============================================================
✓ Model trained (val_auc=1.0000)

============================================================
Fold 42
============================================================
✓ Model trained (val_auc=0.5833)

============================================================
Fold 43
============================================================
✓ Model trained (val_auc=0.7708)

============================================================
Fold 44
============================================================
✓ Model trained (val_auc=0.9167)

============================================================
Fold 45
============================================================
✓ Model trained (val_auc=0.9074)

============================================================
Fold 46
============================================================
✓ Model trained (val_auc=0.9231)

============================================================
Fold 47
============================================================
✓ Model trained (val_auc=1.0000)

============================================================
Fold 48
============================================================
✓ Model trained (val_auc=0.7636)

============================================================
Fold 49
============================================================
✓ Model trained (val_auc=0.9500)

============================================================
✓ Fused ABMIL training complete
============================================================

Combining fused model with uni_v2 via stacking...

============================================================================
Piloto completado: Thu Aug 20 22:39:06 CEST 2026
============================================================================

Resultados disponibles en:
  Fused ABMIL: /home/JKP6679/Patho-Ensemble/PARADIS/datos/patches/cptac_brca/TP53_mutation/abmil/ctranspath_virchow_v1_fused_20x_224px_0px_overlap/
  Stacking: /home/JKP6679/Patho-Ensemble/PARADIS/datos/patches/cptac_brca/TP53_mutation/abmil/ctranspath_virchow_v1_fused_20x_224px_0px_overlap_ctranspath_virchow_v1_fused_uni_v2_stacked/

