================================================================================
SUITE DE METACLASIFICADORES — trío ganador (ctranspath + uni_v2 + conch_v1_5)
Job 70291 — Sat Aug 22 23:00:46 CEST 2026
================================================================================

### FASE 1 — extracción de embeddings (512-D por modelo)
--- ctranspath ---
  latent_dim auto-detectado: 768  (de features_ctranspath_monai)

============================================================
ABMIL Test (embeddings sobre train): ctranspath
  Dataset: cptac_brca/TP53_mutation
  Latent dim: 768, Num classes: 2, Folds: 50
============================================================

Cargando features de /home/JKP6679/Patho-Ensemble/PARADIS/datos/features/cptac_brca/features_ctranspath_monai...

✅ Embeddings de train generadas para 50/50 folds (0 omitidos por falta de checkpoint/datos).
--- uni_v2 ---
  latent_dim auto-detectado: 1536  (de features_uni_v2)

============================================================
ABMIL Test (embeddings sobre train): uni_v2
  Dataset: cptac_brca/TP53_mutation
  Latent dim: 1536, Num classes: 2, Folds: 50
============================================================

Cargando features de /home/JKP6679/Patho-Ensemble/PARADIS/datos/features/cptac_brca/features_uni_v2...

✅ Embeddings de train generadas para 50/50 folds (0 omitidos por falta de checkpoint/datos).
--- conch_v1_5 ---
  latent_dim auto-detectado: 768  (de features_conch_v1_5_monai)

============================================================
ABMIL Test (embeddings sobre train): conch_v1_5
  Dataset: cptac_brca/TP53_mutation
  Latent dim: 768, Num classes: 2, Folds: 50
============================================================

Cargando features de /home/JKP6679/Patho-Ensemble/PARADIS/datos/features/cptac_brca/features_conch_v1_5_monai...

✅ Embeddings de train generadas para 50/50 folds (0 omitidos por falta de checkpoint/datos).

### FASE 1b — verificación de que los embeddings son posteriores al checkpoint
✓ ctranspath: embeddings posteriores al checkpoint
✓ uni_v2: embeddings posteriores al checkpoint
✓ conch_v1_5: embeddings posteriores al checkpoint

### FASE 2 — suite de metaclasificadores
========================================================================================================
SUITE DE METACLASIFICADORES — trío ganador
========================================================================================================
Modelos base : ctranspath + uni_v2 + conch_v1_5
Dataset/tarea: cptac_brca / TP53_mutation
Folds        : 50
Espacios     : ['emb', 'prob']
Dispositivo  : cuda

Cargando espacio 'emb' ...
  ✓ alineado. Columnas por modelo: {'ctranspath': 512, 'uni_v2': 512, 'conch_v1_5': 512}
  ✓ filas fold_0: train=75 val=15 test=22

Cargando espacio 'prob' ...
  ✓ alineado. Columnas por modelo: {'ctranspath': 2, 'uni_v2': 2, 'conch_v1_5': 2}
  ✓ filas fold_0: train=75 val=15 test=22

✓ Todos los brazos comparten exactamente los mismos folds y filas de train/val/test.

>>> prob:logreg
    fold 10/50
    fold 20/50
    fold 30/50
    fold 40/50
    fold 50/50
    AUC=0.7986  bacc=0.7302  macro-F1=0.7294

>>> prob:mlp
    fold 10/50
    fold 20/50
    fold 30/50
    fold 40/50
    fold 50/50
    AUC=0.6884  bacc=0.5177  macro-F1=0.3847

>>> prob:mlp_snapshot
    fold 10/50
    fold 20/50
    fold 30/50
    fold 40/50
    fold 50/50
    AUC=0.8011  bacc=0.6229  macro-F1=0.5809

>>> prob:svm
    fold 10/50
    fold 20/50
    fold 30/50
    fold 40/50
    fold 50/50
    AUC=0.7965  bacc=0.7287  macro-F1=0.7273

>>> prob:knn
    fold 10/50
    fold 20/50
    fold 30/50
    fold 40/50
    fold 50/50
    AUC=0.7665  bacc=0.7144  macro-F1=0.7096

>>> prob:nb
    fold 10/50
    fold 20/50
    fold 30/50
    fold 40/50
    fold 50/50
    AUC=0.7955  bacc=0.7421  macro-F1=0.7381

>>> emb:logreg
    fold 10/50
    fold 20/50
    fold 30/50
    fold 40/50
    fold 50/50
    AUC=0.7826  bacc=0.7179  macro-F1=0.7146

>>> emb:mlp
    fold 10/50
    fold 20/50
    fold 30/50
    fold 40/50
    fold 50/50
    AUC=0.7845  bacc=0.6018  macro-F1=0.5455

>>> emb:mlp_snapshot
    fold 10/50
    fold 20/50
    fold 30/50
    fold 40/50
    fold 50/50
    AUC=0.7957  bacc=0.7333  macro-F1=0.7328

>>> emb:mlp_fge
    fold 10/50
    fold 20/50
    fold 30/50
    fold 40/50
    fold 50/50
    AUC=0.7946  bacc=0.6548  macro-F1=0.6366

========================================================================================================
RESUMEN — media sobre folds (test)
========================================================================================================
Configuración                      auc       acc      bacc  macro_f1    f1_pos     kappa        ap
--------------------------------------------------------------------------------------------------------
prob:logreg                     0.7986    0.7446    0.7302    0.7294    0.6721    0.4629    0.7494
prob:mlp                        0.6884    0.5415    0.5177    0.3847    0.2594    0.0350    0.6522
prob:mlp_snapshot               0.8011    0.6821    0.6229    0.5809    0.3900    0.2551    0.7554
prob:svm                        0.7965    0.7417    0.7287    0.7273    0.6712    0.4584    0.7476
prob:knn                        0.7665    0.7223    0.7144    0.7096    0.6565    0.4245    0.6711
prob:nb                         0.7955    0.7486    0.7421    0.7381    0.6918    0.4800    0.7378
emb:logreg                      0.7826    0.7277    0.7179    0.7146    0.6594    0.4332    0.7289
emb:mlp                         0.7845    0.6697    0.6018    0.5455    0.3301    0.2118    0.7374
emb:mlp_snapshot                0.7957    0.7521    0.7333    0.7328    0.6671    0.4717    0.7368
emb:mlp_fge                     0.7946    0.7063    0.6548    0.6366    0.4877    0.3249    0.7463
--------------------------------------------------------------------------------------------------------
auc=macro-OvR AUC · acc=accuracy · bacc=balanced accuracy · macro_f1=F1 macro
f1_pos=F1 de la clase mutada · kappa=Cohen · ap=average precision (PR-AUC)

========================================================================================================
PAREADO: prob:mlp  vs  prob:logreg  (baseline recalculado en esta misma pasada)
========================================================================================================
Métrica        Δ medio                  IC 95%       G/E/P        p   p Holm      MDE
--------------------------------------------------------------------------------------------------------
auc            -0.1102      [-0.1548, -0.0711]      4/2/44   0.0000   0.0000   0.0607 *
acc            -0.2031      [-0.2371, -0.1692]      0/4/46   0.0000   0.0000   0.0489 *
bacc           -0.2125      [-0.2402, -0.1842]      1/0/49   0.0000   0.0000   0.0407 *
macro_f1       -0.3447      [-0.3814, -0.3057]      1/0/49   0.0000   0.0000   0.0539 *
f1_pos         -0.4127      [-0.5023, -0.3249]      5/0/45   0.0000   0.0000   0.1272 *
kappa          -0.4280      [-0.4838, -0.3697]      1/0/49   0.0000   0.0000   0.0820 *
ap             -0.0972      [-0.1337, -0.0637]      9/2/39   0.0000   0.0000   0.0511 *
--------------------------------------------------------------------------------------------------------

========================================================================================================
PAREADO: prob:mlp_snapshot  vs  prob:logreg  (baseline recalculado en esta misma pasada)
========================================================================================================
Métrica        Δ medio                  IC 95%       G/E/P        p   p Holm      MDE
--------------------------------------------------------------------------------------------------------
auc            +0.0024      [-0.0024, +0.0075]     21/7/22   0.2717   0.4159   0.0071
acc            -0.0625      [-0.0926, -0.0337]    11/12/27   0.0004   0.0011   0.0425 *
bacc           -0.1073      [-0.1468, -0.0705]     10/5/35   0.0000   0.0000   0.0546 *
macro_f1       -0.1485      [-0.2010, -0.0978]     10/5/35   0.0000   0.0000   0.0741 *
f1_pos         -0.2821      [-0.3726, -0.1970]     10/5/35   0.0000   0.0000   0.1278 *
kappa          -0.2079      [-0.2894, -0.1322]     10/5/35   0.0000   0.0001   0.1116 *
ap             +0.0059      [-0.0031, +0.0151]     27/3/20   0.2079   0.4159   0.0131
--------------------------------------------------------------------------------------------------------

========================================================================================================
PAREADO: prob:svm  vs  prob:logreg  (baseline recalculado en esta misma pasada)
========================================================================================================
Métrica        Δ medio                  IC 95%       G/E/P        p   p Holm      MDE
--------------------------------------------------------------------------------------------------------
auc            -0.0021      [-0.0067, +0.0024]    16/13/21   0.4924   1.0000   0.0065
acc            -0.0029      [-0.0103, +0.0037]      4/41/5   0.4768   1.0000   0.0102
bacc           -0.0015      [-0.0084, +0.0045]      5/40/5   0.6833   1.0000   0.0094
macro_f1       -0.0022      [-0.0095, +0.0043]      5/40/5   0.7989   1.0000   0.0097
f1_pos         -0.0009      [-0.0091, +0.0060]      6/40/4   1.0000   1.0000   0.0110
kappa          -0.0045      [-0.0189, +0.0083]      5/40/5   0.7213   1.0000   0.0198
ap             -0.0018      [-0.0097, +0.0064]    17/11/22   0.5959   1.0000   0.0117
--------------------------------------------------------------------------------------------------------

========================================================================================================
PAREADO: prob:knn  vs  prob:logreg  (baseline recalculado en esta misma pasada)
========================================================================================================
Métrica        Δ medio                  IC 95%       G/E/P        p   p Holm      MDE
--------------------------------------------------------------------------------------------------------
auc            -0.0321      [-0.0462, -0.0176]     11/1/38   0.0001   0.0007   0.0207 *
acc            -0.0222      [-0.0382, -0.0065]    10/15/25   0.0073   0.0367   0.0230 *
bacc           -0.0158      [-0.0316, +0.0001]    13/12/25   0.0732   0.1640   0.0228
macro_f1       -0.0198      [-0.0364, -0.0040]    13/12/25   0.0388   0.1551   0.0235
f1_pos         -0.0157      [-0.0351, +0.0042]    14/12/24   0.1260   0.1640   0.0282
kappa          -0.0384      [-0.0701, -0.0055]    13/12/25   0.0547   0.1640   0.0463
ap             -0.0784      [-0.1030, -0.0524]     10/0/40   0.0000   0.0000   0.0366 *
--------------------------------------------------------------------------------------------------------

========================================================================================================
PAREADO: prob:nb  vs  prob:logreg  (baseline recalculado en esta misma pasada)
========================================================================================================
Métrica        Δ medio                  IC 95%       G/E/P        p   p Holm      MDE
--------------------------------------------------------------------------------------------------------
auc            -0.0031      [-0.0094, +0.0030]    16/11/23   0.3462   0.6924   0.0088
acc            +0.0040      [-0.0090, +0.0163]    16/23/11   0.4778   0.6924   0.0183
bacc           +0.0119      [-0.0003, +0.0239]    19/20/11   0.0377   0.2262   0.0179
macro_f1       +0.0087      [-0.0039, +0.0212]    19/19/12   0.0882   0.4410   0.0182
f1_pos         +0.0197      [+0.0050, +0.0351]    20/19/11   0.0115   0.0802   0.0217
kappa          +0.0170      [-0.0081, +0.0423]    19/19/12   0.0919   0.4410   0.0361
ap             -0.0117      [-0.0239, -0.0001]     15/9/26   0.1184   0.4410   0.0171
--------------------------------------------------------------------------------------------------------

========================================================================================================
PAREADO: emb:logreg  vs  prob:logreg  (baseline recalculado en esta misma pasada)
========================================================================================================
Métrica        Δ medio                  IC 95%       G/E/P        p   p Holm      MDE
--------------------------------------------------------------------------------------------------------
auc            -0.0160      [-0.0305, -0.0023]     19/2/29   0.0858   0.5147   0.0201
acc            -0.0169      [-0.0367, +0.0023]    14/15/21   0.1610   0.8052   0.0283
bacc           -0.0123      [-0.0311, +0.0064]     17/9/24   0.2330   0.8052   0.0276
macro_f1       -0.0148      [-0.0355, +0.0049]     17/9/24   0.2041   0.8052   0.0288
f1_pos         -0.0127      [-0.0363, +0.0098]     17/9/24   0.2879   0.8052   0.0335
kappa          -0.0297      [-0.0701, +0.0083]     17/9/24   0.1862   0.8052   0.0563
ap             -0.0205      [-0.0414, +0.0002]     20/0/30   0.0594   0.4155   0.0297
--------------------------------------------------------------------------------------------------------

========================================================================================================
PAREADO: emb:mlp  vs  prob:logreg  (baseline recalculado en esta misma pasada)
========================================================================================================
Métrica        Δ medio                  IC 95%       G/E/P        p   p Holm      MDE
--------------------------------------------------------------------------------------------------------
auc            -0.0141      [-0.0290, -0.0001]     21/3/26   0.1356   0.2713   0.0213
acc            -0.0749      [-0.1047, -0.0461]     10/8/32   0.0000   0.0001   0.0421 *
bacc           -0.1285      [-0.1628, -0.0949]      8/2/40   0.0000   0.0000   0.0495 *
macro_f1       -0.1839      [-0.2321, -0.1374]      6/2/42   0.0000   0.0000   0.0682 *
f1_pos         -0.3420      [-0.4236, -0.2645]      7/2/41   0.0000   0.0000   0.1161 *
kappa          -0.2511      [-0.3228, -0.1824]      8/2/40   0.0000   0.0000   0.1015 *
ap             -0.0121      [-0.0274, +0.0033]     24/0/26   0.2187   0.2713   0.0220
--------------------------------------------------------------------------------------------------------

========================================================================================================
PAREADO: emb:mlp_snapshot  vs  prob:logreg  (baseline recalculado en esta misma pasada)
========================================================================================================
Métrica        Δ medio                  IC 95%       G/E/P        p   p Holm      MDE
--------------------------------------------------------------------------------------------------------
auc            -0.0030      [-0.0108, +0.0048]     18/6/26   0.5400   1.0000   0.0113
acc            +0.0075      [-0.0082, +0.0231]    22/14/14   0.3533   1.0000   0.0228
bacc           +0.0030      [-0.0135, +0.0189]    23/13/14   0.9458   1.0000   0.0234
macro_f1       +0.0034      [-0.0139, +0.0208]    23/13/14   0.9279   1.0000   0.0249
f1_pos         -0.0050      [-0.0293, +0.0178]    22/13/15   0.6617   1.0000   0.0336
kappa          +0.0087      [-0.0253, +0.0415]    23/13/14   0.9639   1.0000   0.0481
ap             -0.0126      [-0.0297, +0.0036]     17/2/31   0.0830   0.5812   0.0234
--------------------------------------------------------------------------------------------------------

========================================================================================================
PAREADO: emb:mlp_fge  vs  prob:logreg  (baseline recalculado en esta misma pasada)
========================================================================================================
Métrica        Δ medio                  IC 95%       G/E/P        p   p Holm      MDE
--------------------------------------------------------------------------------------------------------
auc            -0.0041      [-0.0130, +0.0050]     21/5/24   0.2449   0.4898   0.0128
acc            -0.0382      [-0.0650, -0.0133]    13/13/24   0.0320   0.0961   0.0374
bacc           -0.0755      [-0.1091, -0.0447]      9/7/34   0.0000   0.0002   0.0465 *
macro_f1       -0.0929      [-0.1372, -0.0537]     11/6/33   0.0000   0.0002   0.0597 *
f1_pos         -0.1845      [-0.2568, -0.1194]      9/5/36   0.0000   0.0000   0.0994 *
kappa          -0.1380      [-0.2083, -0.0755]     11/5/34   0.0002   0.0006   0.0954 *
ap             -0.0031      [-0.0144, +0.0088]     22/2/26   0.4479   0.4898   0.0168
--------------------------------------------------------------------------------------------------------

✅ Resultados escritos en /home/JKP6679/Patho-Ensemble/results_meta_suite_cptac_brca_TP53_mutation.json

================================================================================
✅ COMPLETADO — Sat Aug 22 23:04:32 CEST 2026
================================================================================
