============================================================================
OPCIÓN D: Weighted Early Fusion + Nelder-Mead (Pesos en Embeddings)
============================================================================
Dataset: cptac_brca / Task: TP53_mutation
Models: ctranspath, virchow_v1, conch_v1_5
Strategy: w_ct*emb_ct ⊕ w_vir*emb_vir ⊕ w_conch*emb_conch → ABMIL
Fecha: Fri Aug 21 17:49:20 CEST 2026
============================================================================

============================================================================
PILOTO: Weighted Early Fusion on 5 folds
============================================================================

================================================================================
Opción D: Weighted Early Fusion + Nelder-Mead
================================================================================
Dataset: cptac_brca / Task: TP53_mutation
Models: ['ctranspath', 'virchow_v1', 'conch_v1_5']
Pesos: Optimizados via Nelder-Mead, aplicados a embeddings brutos
Folds: 0..4 (requested), 50 available
================================================================================

  latent_dim auto-detectado: 768  (de features_ctranspath_monai)
  latent_dim auto-detectado: 2560  (de features_virchow_v1_monai)
  latent_dim auto-detectado: 768  (de features_conch_v1_5_monai)
Latent dimensions: {'ctranspath': 768, 'virchow_v1': 2560, 'conch_v1_5': 768}
Fused dimension: 4096


============================================================
Fold 0
============================================================
  FASE 1: Optimizando pesos en predicciones in-sample...
Cargando features de /home/JKP6679/Patho-Ensemble/PARADIS/datos/features/cptac_brca/features_ctranspath_monai...
Cargando features de /home/JKP6679/Patho-Ensemble/PARADIS/datos/features/cptac_brca/features_virchow_v1_monai...
Cargando features de /home/JKP6679/Patho-Ensemble/PARADIS/datos/features/cptac_brca/features_conch_v1_5_monai...
  Pesos óptimos: ctranspath=0.3247, virchow_v1=0.6407, conch_v1_5=0.0347
  FASE 2: Aplicando pesos a embeddings, entrenando ABMIL fusionado...
Cargando features de /home/JKP6679/Patho-Ensemble/PARADIS/datos/features/cptac_brca/features_ctranspath_monai...
Cargando features de /home/JKP6679/Patho-Ensemble/PARADIS/datos/features/cptac_brca/features_virchow_v1_monai...
Cargando features de /home/JKP6679/Patho-Ensemble/PARADIS/datos/features/cptac_brca/features_conch_v1_5_monai...
  Modelo fusionado entrenado (val_auc=1.0000)
  FASE 3: Evaluando en test...
  Test AUC: 0.6964, Acc: 0.6364, Prec: 0.5000, Rec: 0.5000, F1: 0.5000

============================================================
Fold 1
============================================================
  FASE 1: Optimizando pesos en predicciones in-sample...
Cargando features de /home/JKP6679/Patho-Ensemble/PARADIS/datos/features/cptac_brca/features_ctranspath_monai...
Cargando features de /home/JKP6679/Patho-Ensemble/PARADIS/datos/features/cptac_brca/features_virchow_v1_monai...
Cargando features de /home/JKP6679/Patho-Ensemble/PARADIS/datos/features/cptac_brca/features_conch_v1_5_monai...
  Pesos óptimos: ctranspath=0.3588, virchow_v1=0.3362, conch_v1_5=0.3049
  FASE 2: Aplicando pesos a embeddings, entrenando ABMIL fusionado...
Cargando features de /home/JKP6679/Patho-Ensemble/PARADIS/datos/features/cptac_brca/features_ctranspath_monai...
Cargando features de /home/JKP6679/Patho-Ensemble/PARADIS/datos/features/cptac_brca/features_virchow_v1_monai...
Cargando features de /home/JKP6679/Patho-Ensemble/PARADIS/datos/features/cptac_brca/features_conch_v1_5_monai...
  Modelo fusionado entrenado (val_auc=0.8333)
  FASE 3: Evaluando en test...
  Test AUC: 0.8968, Acc: 0.7391, Prec: 0.6154, Rec: 0.8889, F1: 0.7273

============================================================
Fold 2
============================================================
  FASE 1: Optimizando pesos en predicciones in-sample...
Cargando features de /home/JKP6679/Patho-Ensemble/PARADIS/datos/features/cptac_brca/features_ctranspath_monai...
Cargando features de /home/JKP6679/Patho-Ensemble/PARADIS/datos/features/cptac_brca/features_virchow_v1_monai...
Cargando features de /home/JKP6679/Patho-Ensemble/PARADIS/datos/features/cptac_brca/features_conch_v1_5_monai...
  Pesos óptimos: ctranspath=0.0256, virchow_v1=0.1807, conch_v1_5=0.7937
  FASE 2: Aplicando pesos a embeddings, entrenando ABMIL fusionado...
Cargando features de /home/JKP6679/Patho-Ensemble/PARADIS/datos/features/cptac_brca/features_ctranspath_monai...
Cargando features de /home/JKP6679/Patho-Ensemble/PARADIS/datos/features/cptac_brca/features_virchow_v1_monai...
Cargando features de /home/JKP6679/Patho-Ensemble/PARADIS/datos/features/cptac_brca/features_conch_v1_5_monai...
  Modelo fusionado entrenado (val_auc=0.7619)
  FASE 3: Evaluando en test...
  Test AUC: 0.7188, Acc: 0.6000, Prec: 0.5000, Rec: 0.3750, F1: 0.4286

============================================================
Fold 3
============================================================
  FASE 1: Optimizando pesos en predicciones in-sample...
Cargando features de /home/JKP6679/Patho-Ensemble/PARADIS/datos/features/cptac_brca/features_ctranspath_monai...
Cargando features de /home/JKP6679/Patho-Ensemble/PARADIS/datos/features/cptac_brca/features_virchow_v1_monai...
Cargando features de /home/JKP6679/Patho-Ensemble/PARADIS/datos/features/cptac_brca/features_conch_v1_5_monai...
  Pesos óptimos: ctranspath=0.3333, virchow_v1=0.3333, conch_v1_5=0.3333
  FASE 2: Aplicando pesos a embeddings, entrenando ABMIL fusionado...
Cargando features de /home/JKP6679/Patho-Ensemble/PARADIS/datos/features/cptac_brca/features_ctranspath_monai...
Cargando features de /home/JKP6679/Patho-Ensemble/PARADIS/datos/features/cptac_brca/features_virchow_v1_monai...
Cargando features de /home/JKP6679/Patho-Ensemble/PARADIS/datos/features/cptac_brca/features_conch_v1_5_monai...
  Modelo fusionado entrenado (val_auc=0.9625)
  FASE 3: Evaluando en test...
  Test AUC: 0.6771, Acc: 0.7000, Prec: 0.7500, Rec: 0.3750, F1: 0.5000

============================================================
Fold 4
============================================================
  FASE 1: Optimizando pesos en predicciones in-sample...
Cargando features de /home/JKP6679/Patho-Ensemble/PARADIS/datos/features/cptac_brca/features_ctranspath_monai...
Cargando features de /home/JKP6679/Patho-Ensemble/PARADIS/datos/features/cptac_brca/features_virchow_v1_monai...
Cargando features de /home/JKP6679/Patho-Ensemble/PARADIS/datos/features/cptac_brca/features_conch_v1_5_monai...
  Pesos óptimos: ctranspath=0.2300, virchow_v1=0.3644, conch_v1_5=0.4056
  FASE 2: Aplicando pesos a embeddings, entrenando ABMIL fusionado...
Cargando features de /home/JKP6679/Patho-Ensemble/PARADIS/datos/features/cptac_brca/features_ctranspath_monai...
Cargando features de /home/JKP6679/Patho-Ensemble/PARADIS/datos/features/cptac_brca/features_virchow_v1_monai...
Cargando features de /home/JKP6679/Patho-Ensemble/PARADIS/datos/features/cptac_brca/features_conch_v1_5_monai...
  Modelo fusionado entrenado (val_auc=0.8000)
  FASE 3: Evaluando en test...
  Test AUC: 0.7500, Acc: 0.8500, Prec: 0.8571, Rec: 0.7500, F1: 0.8000

================================================================================
✓ Weighted Early Fusion complete (5 folds)
Results saved to: /home/JKP6679/Patho-Ensemble/PARADIS/datos/patches/cptac_brca/TP53_mutation/abmil/weighted_early_fusion_ctranspath_virchow_v1_conch_v1_5
================================================================================

Summary (Test):
  Mean AUC: 0.7478 ± 0.0784
  Min AUC: 0.6771
  Max AUC: 0.8968

Weight Statistics:
  ctranspath: 0.2545 ± 0.1225 (range: [0.0256, 0.3588])
  virchow_v1: 0.3711 ± 0.1494 (range: [0.1807, 0.6407])
  conch_v1_5: 0.3745 ± 0.2444 (range: [0.0347, 0.7937])

✓ Piloto completado

============================================================================
ESCALA COMPLETA: Weighted Early Fusion on 50 folds
============================================================================

================================================================================
Opción D: Weighted Early Fusion + Nelder-Mead
================================================================================
Dataset: cptac_brca / Task: TP53_mutation
Models: ['ctranspath', 'virchow_v1', 'conch_v1_5']
Pesos: Optimizados via Nelder-Mead, aplicados a embeddings brutos
Folds: 0..49 (requested), 50 available
================================================================================

  latent_dim auto-detectado: 768  (de features_ctranspath_monai)
  latent_dim auto-detectado: 2560  (de features_virchow_v1_monai)
  latent_dim auto-detectado: 768  (de features_conch_v1_5_monai)
Latent dimensions: {'ctranspath': 768, 'virchow_v1': 2560, 'conch_v1_5': 768}
Fused dimension: 4096


============================================================
Fold 0
============================================================
  FASE 1: Optimizando pesos en predicciones in-sample...
Cargando features de /home/JKP6679/Patho-Ensemble/PARADIS/datos/features/cptac_brca/features_ctranspath_monai...
Cargando features de /home/JKP6679/Patho-Ensemble/PARADIS/datos/features/cptac_brca/features_virchow_v1_monai...
Cargando features de /home/JKP6679/Patho-Ensemble/PARADIS/datos/features/cptac_brca/features_conch_v1_5_monai...
  Pesos óptimos: ctranspath=0.2597, virchow_v1=0.5814, conch_v1_5=0.1590
  FASE 2: Aplicando pesos a embeddings, entrenando ABMIL fusionado...
Cargando features de /home/JKP6679/Patho-Ensemble/PARADIS/datos/features/cptac_brca/features_ctranspath_monai...
Cargando features de /home/JKP6679/Patho-Ensemble/PARADIS/datos/features/cptac_brca/features_virchow_v1_monai...
Cargando features de /home/JKP6679/Patho-Ensemble/PARADIS/datos/features/cptac_brca/features_conch_v1_5_monai...
  Modelo fusionado entrenado (val_auc=1.0000)
  FASE 3: Evaluando en test...
  Test AUC: 0.7143, Acc: 0.6818, Prec: 0.5714, Rec: 0.5000, F1: 0.5333

============================================================
Fold 1
============================================================
  FASE 1: Optimizando pesos en predicciones in-sample...
Cargando features de /home/JKP6679/Patho-Ensemble/PARADIS/datos/features/cptac_brca/features_ctranspath_monai...
Cargando features de /home/JKP6679/Patho-Ensemble/PARADIS/datos/features/cptac_brca/features_virchow_v1_monai...
Cargando features de /home/JKP6679/Patho-Ensemble/PARADIS/datos/features/cptac_brca/features_conch_v1_5_monai...
  Pesos óptimos: ctranspath=0.3588, virchow_v1=0.3362, conch_v1_5=0.3049
  FASE 2: Aplicando pesos a embeddings, entrenando ABMIL fusionado...
Cargando features de /home/JKP6679/Patho-Ensemble/PARADIS/datos/features/cptac_brca/features_ctranspath_monai...
Cargando features de /home/JKP6679/Patho-Ensemble/PARADIS/datos/features/cptac_brca/features_virchow_v1_monai...
Cargando features de /home/JKP6679/Patho-Ensemble/PARADIS/datos/features/cptac_brca/features_conch_v1_5_monai...
  Modelo fusionado entrenado (val_auc=0.8333)
  FASE 3: Evaluando en test...
  Test AUC: 0.8968, Acc: 0.7391, Prec: 0.6154, Rec: 0.8889, F1: 0.7273

============================================================
Fold 2
============================================================
  FASE 1: Optimizando pesos en predicciones in-sample...
Cargando features de /home/JKP6679/Patho-Ensemble/PARADIS/datos/features/cptac_brca/features_ctranspath_monai...
Cargando features de /home/JKP6679/Patho-Ensemble/PARADIS/datos/features/cptac_brca/features_virchow_v1_monai...
Cargando features de /home/JKP6679/Patho-Ensemble/PARADIS/datos/features/cptac_brca/features_conch_v1_5_monai...
  Pesos óptimos: ctranspath=0.0121, virchow_v1=0.0000, conch_v1_5=0.9879
  FASE 2: Aplicando pesos a embeddings, entrenando ABMIL fusionado...
Cargando features de /home/JKP6679/Patho-Ensemble/PARADIS/datos/features/cptac_brca/features_ctranspath_monai...
Cargando features de /home/JKP6679/Patho-Ensemble/PARADIS/datos/features/cptac_brca/features_virchow_v1_monai...
Cargando features de /home/JKP6679/Patho-Ensemble/PARADIS/datos/features/cptac_brca/features_conch_v1_5_monai...
  Modelo fusionado entrenado (val_auc=0.9524)
  FASE 3: Evaluando en test...
  Test AUC: 0.5833, Acc: 0.6000, Prec: 0.5000, Rec: 0.2500, F1: 0.3333

============================================================
Fold 3
============================================================
  FASE 1: Optimizando pesos en predicciones in-sample...
Cargando features de /home/JKP6679/Patho-Ensemble/PARADIS/datos/features/cptac_brca/features_ctranspath_monai...
Cargando features de /home/JKP6679/Patho-Ensemble/PARADIS/datos/features/cptac_brca/features_virchow_v1_monai...
Cargando features de /home/JKP6679/Patho-Ensemble/PARADIS/datos/features/cptac_brca/features_conch_v1_5_monai...
  Pesos óptimos: ctranspath=0.3333, virchow_v1=0.3333, conch_v1_5=0.3333
  FASE 2: Aplicando pesos a embeddings, entrenando ABMIL fusionado...
Cargando features de /home/JKP6679/Patho-Ensemble/PARADIS/datos/features/cptac_brca/features_ctranspath_monai...
Cargando features de /home/JKP6679/Patho-Ensemble/PARADIS/datos/features/cptac_brca/features_virchow_v1_monai...
Cargando features de /home/JKP6679/Patho-Ensemble/PARADIS/datos/features/cptac_brca/features_conch_v1_5_monai...
  Modelo fusionado entrenado (val_auc=0.9625)
  FASE 3: Evaluando en test...
  Test AUC: 0.6771, Acc: 0.7000, Prec: 0.7500, Rec: 0.3750, F1: 0.5000

============================================================
Fold 4
============================================================
  FASE 1: Optimizando pesos en predicciones in-sample...
Cargando features de /home/JKP6679/Patho-Ensemble/PARADIS/datos/features/cptac_brca/features_ctranspath_monai...
Cargando features de /home/JKP6679/Patho-Ensemble/PARADIS/datos/features/cptac_brca/features_virchow_v1_monai...
Cargando features de /home/JKP6679/Patho-Ensemble/PARADIS/datos/features/cptac_brca/features_conch_v1_5_monai...
  Pesos óptimos: ctranspath=0.0001, virchow_v1=0.2566, conch_v1_5=0.7433
  FASE 2: Aplicando pesos a embeddings, entrenando ABMIL fusionado...
Cargando features de /home/JKP6679/Patho-Ensemble/PARADIS/datos/features/cptac_brca/features_ctranspath_monai...
Cargando features de /home/JKP6679/Patho-Ensemble/PARADIS/datos/features/cptac_brca/features_virchow_v1_monai...
Cargando features de /home/JKP6679/Patho-Ensemble/PARADIS/datos/features/cptac_brca/features_conch_v1_5_monai...
  Modelo fusionado entrenado (val_auc=0.8667)
  FASE 3: Evaluando en test...
  Test AUC: 0.8229, Acc: 0.8000, Prec: 0.7500, Rec: 0.7500, F1: 0.7500

============================================================
Fold 5
============================================================
  FASE 1: Optimizando pesos en predicciones in-sample...
Cargando features de /home/JKP6679/Patho-Ensemble/PARADIS/datos/features/cptac_brca/features_ctranspath_monai...
Cargando features de /home/JKP6679/Patho-Ensemble/PARADIS/datos/features/cptac_brca/features_virchow_v1_monai...
Cargando features de /home/JKP6679/Patho-Ensemble/PARADIS/datos/features/cptac_brca/features_conch_v1_5_monai...
  Pesos óptimos: ctranspath=0.0721, virchow_v1=0.3228, conch_v1_5=0.6052
  FASE 2: Aplicando pesos a embeddings, entrenando ABMIL fusionado...
Cargando features de /home/JKP6679/Patho-Ensemble/PARADIS/datos/features/cptac_brca/features_ctranspath_monai...
Cargando features de /home/JKP6679/Patho-Ensemble/PARADIS/datos/features/cptac_brca/features_virchow_v1_monai...
Cargando features de /home/JKP6679/Patho-Ensemble/PARADIS/datos/features/cptac_brca/features_conch_v1_5_monai...
  Modelo fusionado entrenado (val_auc=0.7963)
  FASE 3: Evaluando en test...
  Test AUC: 0.7981, Acc: 0.5714, Prec: 0.4667, Rec: 0.8750, F1: 0.6087

============================================================
Fold 6
============================================================
  FASE 1: Optimizando pesos en predicciones in-sample...
Cargando features de /home/JKP6679/Patho-Ensemble/PARADIS/datos/features/cptac_brca/features_ctranspath_monai...
Cargando features de /home/JKP6679/Patho-Ensemble/PARADIS/datos/features/cptac_brca/features_virchow_v1_monai...
Cargando features de /home/JKP6679/Patho-Ensemble/PARADIS/datos/features/cptac_brca/features_conch_v1_5_monai...
  Pesos óptimos: ctranspath=0.4657, virchow_v1=0.2090, conch_v1_5=0.3254
  FASE 2: Aplicando pesos a embeddings, entrenando ABMIL fusionado...
Cargando features de /home/JKP6679/Patho-Ensemble/PARADIS/datos/features/cptac_brca/features_ctranspath_monai...
Cargando features de /home/JKP6679/Patho-Ensemble/PARADIS/datos/features/cptac_brca/features_virchow_v1_monai...
Cargando features de /home/JKP6679/Patho-Ensemble/PARADIS/datos/features/cptac_brca/features_conch_v1_5_monai...
  Modelo fusionado entrenado (val_auc=0.9091)
  FASE 3: Evaluando en test...
  Test AUC: 0.8661, Acc: 0.7727, Prec: 0.6667, Rec: 0.7500, F1: 0.7059

============================================================
Fold 7
============================================================
  FASE 1: Optimizando pesos en predicciones in-sample...
Cargando features de /home/JKP6679/Patho-Ensemble/PARADIS/datos/features/cptac_brca/features_ctranspath_monai...
Cargando features de /home/JKP6679/Patho-Ensemble/PARADIS/datos/features/cptac_brca/features_virchow_v1_monai...
Cargando features de /home/JKP6679/Patho-Ensemble/PARADIS/datos/features/cptac_brca/features_conch_v1_5_monai...
  Pesos óptimos: ctranspath=0.0123, virchow_v1=0.0158, conch_v1_5=0.9718
  FASE 2: Aplicando pesos a embeddings, entrenando ABMIL fusionado...
Cargando features de /home/JKP6679/Patho-Ensemble/PARADIS/datos/features/cptac_brca/features_ctranspath_monai...
Cargando features de /home/JKP6679/Patho-Ensemble/PARADIS/datos/features/cptac_brca/features_virchow_v1_monai...
Cargando features de /home/JKP6679/Patho-Ensemble/PARADIS/datos/features/cptac_brca/features_conch_v1_5_monai...
  Modelo fusionado entrenado (val_auc=0.9683)
  FASE 3: Evaluando en test...
  Test AUC: 0.7885, Acc: 0.6667, Prec: 0.5455, Rec: 0.7500, F1: 0.6316

============================================================
Fold 8
============================================================
  FASE 1: Optimizando pesos en predicciones in-sample...
Cargando features de /home/JKP6679/Patho-Ensemble/PARADIS/datos/features/cptac_brca/features_ctranspath_monai...
Cargando features de /home/JKP6679/Patho-Ensemble/PARADIS/datos/features/cptac_brca/features_virchow_v1_monai...
Cargando features de /home/JKP6679/Patho-Ensemble/PARADIS/datos/features/cptac_brca/features_conch_v1_5_monai...
  Pesos óptimos: ctranspath=0.1387, virchow_v1=0.8451, conch_v1_5=0.0163
  FASE 2: Aplicando pesos a embeddings, entrenando ABMIL fusionado...
Cargando features de /home/JKP6679/Patho-Ensemble/PARADIS/datos/features/cptac_brca/features_ctranspath_monai...
Cargando features de /home/JKP6679/Patho-Ensemble/PARADIS/datos/features/cptac_brca/features_virchow_v1_monai...
Cargando features de /home/JKP6679/Patho-Ensemble/PARADIS/datos/features/cptac_brca/features_conch_v1_5_monai...
  Modelo fusionado entrenado (val_auc=0.8750)
  FASE 3: Evaluando en test...
  Test AUC: 0.8426, Acc: 0.6667, Prec: 0.6250, Rec: 0.5556, F1: 0.5882

============================================================
Fold 9
============================================================
  FASE 1: Optimizando pesos en predicciones in-sample...
Cargando features de /home/JKP6679/Patho-Ensemble/PARADIS/datos/features/cptac_brca/features_ctranspath_monai...
Cargando features de /home/JKP6679/Patho-Ensemble/PARADIS/datos/features/cptac_brca/features_virchow_v1_monai...
Cargando features de /home/JKP6679/Patho-Ensemble/PARADIS/datos/features/cptac_brca/features_conch_v1_5_monai...
  Pesos óptimos: ctranspath=0.2658, virchow_v1=0.0057, conch_v1_5=0.7285
  FASE 2: Aplicando pesos a embeddings, entrenando ABMIL fusionado...
Cargando features de /home/JKP6679/Patho-Ensemble/PARADIS/datos/features/cptac_brca/features_ctranspath_monai...
Cargando features de /home/JKP6679/Patho-Ensemble/PARADIS/datos/features/cptac_brca/features_virchow_v1_monai...
Cargando features de /home/JKP6679/Patho-Ensemble/PARADIS/datos/features/cptac_brca/features_conch_v1_5_monai...
  Modelo fusionado entrenado (val_auc=0.8750)
  FASE 3: Evaluando en test...
  Test AUC: 0.9135, Acc: 0.8571, Prec: 0.7778, Rec: 0.8750, F1: 0.8235

============================================================
Fold 10
============================================================
  FASE 1: Optimizando pesos en predicciones in-sample...
Cargando features de /home/JKP6679/Patho-Ensemble/PARADIS/datos/features/cptac_brca/features_ctranspath_monai...
Cargando features de /home/JKP6679/Patho-Ensemble/PARADIS/datos/features/cptac_brca/features_virchow_v1_monai...
Cargando features de /home/JKP6679/Patho-Ensemble/PARADIS/datos/features/cptac_brca/features_conch_v1_5_monai...
  Pesos óptimos: ctranspath=0.3331, virchow_v1=0.4644, conch_v1_5=0.2025
  FASE 2: Aplicando pesos a embeddings, entrenando ABMIL fusionado...
Cargando features de /home/JKP6679/Patho-Ensemble/PARADIS/datos/features/cptac_brca/features_ctranspath_monai...
Cargando features de /home/JKP6679/Patho-Ensemble/PARADIS/datos/features/cptac_brca/features_virchow_v1_monai...
Cargando features de /home/JKP6679/Patho-Ensemble/PARADIS/datos/features/cptac_brca/features_conch_v1_5_monai...
  Modelo fusionado entrenado (val_auc=0.7593)
  FASE 3: Evaluando en test...
  Test AUC: 0.8077, Acc: 0.7143, Prec: 0.5833, Rec: 0.8750, F1: 0.7000

============================================================
Fold 11
============================================================
  FASE 1: Optimizando pesos en predicciones in-sample...
Cargando features de /home/JKP6679/Patho-Ensemble/PARADIS/datos/features/cptac_brca/features_ctranspath_monai...
Cargando features de /home/JKP6679/Patho-Ensemble/PARADIS/datos/features/cptac_brca/features_virchow_v1_monai...
Cargando features de /home/JKP6679/Patho-Ensemble/PARADIS/datos/features/cptac_brca/features_conch_v1_5_monai...
  Pesos óptimos: ctranspath=0.3333, virchow_v1=0.3333, conch_v1_5=0.3333
  FASE 2: Aplicando pesos a embeddings, entrenando ABMIL fusionado...
Cargando features de /home/JKP6679/Patho-Ensemble/PARADIS/datos/features/cptac_brca/features_ctranspath_monai...
Cargando features de /home/JKP6679/Patho-Ensemble/PARADIS/datos/features/cptac_brca/features_virchow_v1_monai...
Cargando features de /home/JKP6679/Patho-Ensemble/PARADIS/datos/features/cptac_brca/features_conch_v1_5_monai...
  Modelo fusionado entrenado (val_auc=0.9630)
  FASE 3: Evaluando en test...
  Test AUC: 0.6667, Acc: 0.5652, Prec: 0.4706, Rec: 0.8889, F1: 0.6154

============================================================
Fold 12
============================================================
  FASE 1: Optimizando pesos en predicciones in-sample...
Cargando features de /home/JKP6679/Patho-Ensemble/PARADIS/datos/features/cptac_brca/features_ctranspath_monai...
Cargando features de /home/JKP6679/Patho-Ensemble/PARADIS/datos/features/cptac_brca/features_virchow_v1_monai...
Cargando features de /home/JKP6679/Patho-Ensemble/PARADIS/datos/features/cptac_brca/features_conch_v1_5_monai...
  Pesos óptimos: ctranspath=0.8664, virchow_v1=0.0469, conch_v1_5=0.0867
  FASE 2: Aplicando pesos a embeddings, entrenando ABMIL fusionado...
Cargando features de /home/JKP6679/Patho-Ensemble/PARADIS/datos/features/cptac_brca/features_ctranspath_monai...
Cargando features de /home/JKP6679/Patho-Ensemble/PARADIS/datos/features/cptac_brca/features_virchow_v1_monai...
Cargando features de /home/JKP6679/Patho-Ensemble/PARADIS/datos/features/cptac_brca/features_conch_v1_5_monai...
  Modelo fusionado entrenado (val_auc=0.7969)
  FASE 3: Evaluando en test...
  Test AUC: 0.6979, Acc: 0.5500, Prec: 0.4615, Rec: 0.7500, F1: 0.5714

============================================================
Fold 13
============================================================
  FASE 1: Optimizando pesos en predicciones in-sample...
Cargando features de /home/JKP6679/Patho-Ensemble/PARADIS/datos/features/cptac_brca/features_ctranspath_monai...
Cargando features de /home/JKP6679/Patho-Ensemble/PARADIS/datos/features/cptac_brca/features_virchow_v1_monai...
Cargando features de /home/JKP6679/Patho-Ensemble/PARADIS/datos/features/cptac_brca/features_conch_v1_5_monai...
  Pesos óptimos: ctranspath=0.1939, virchow_v1=0.4021, conch_v1_5=0.4039
  FASE 2: Aplicando pesos a embeddings, entrenando ABMIL fusionado...
Cargando features de /home/JKP6679/Patho-Ensemble/PARADIS/datos/features/cptac_brca/features_ctranspath_monai...
Cargando features de /home/JKP6679/Patho-Ensemble/PARADIS/datos/features/cptac_brca/features_virchow_v1_monai...
Cargando features de /home/JKP6679/Patho-Ensemble/PARADIS/datos/features/cptac_brca/features_conch_v1_5_monai...
  Modelo fusionado entrenado (val_auc=0.5778)
  FASE 3: Evaluando en test...
  Test AUC: 0.5000, Acc: 0.4500, Prec: 0.4000, Rec: 0.7500, F1: 0.5217

============================================================
Fold 14
============================================================
  FASE 1: Optimizando pesos en predicciones in-sample...
Cargando features de /home/JKP6679/Patho-Ensemble/PARADIS/datos/features/cptac_brca/features_ctranspath_monai...
Cargando features de /home/JKP6679/Patho-Ensemble/PARADIS/datos/features/cptac_brca/features_virchow_v1_monai...
Cargando features de /home/JKP6679/Patho-Ensemble/PARADIS/datos/features/cptac_brca/features_conch_v1_5_monai...
  Pesos óptimos: ctranspath=0.0156, virchow_v1=0.0991, conch_v1_5=0.8853
  FASE 2: Aplicando pesos a embeddings, entrenando ABMIL fusionado...
Cargando features de /home/JKP6679/Patho-Ensemble/PARADIS/datos/features/cptac_brca/features_ctranspath_monai...
Cargando features de /home/JKP6679/Patho-Ensemble/PARADIS/datos/features/cptac_brca/features_virchow_v1_monai...
Cargando features de /home/JKP6679/Patho-Ensemble/PARADIS/datos/features/cptac_brca/features_conch_v1_5_monai...
  Modelo fusionado entrenado (val_auc=0.9643)
  FASE 3: Evaluando en test...
  Test AUC: 0.6759, Acc: 0.5238, Prec: 0.4545, Rec: 0.5556, F1: 0.5000

============================================================
Fold 15
============================================================
  FASE 1: Optimizando pesos en predicciones in-sample...
Cargando features de /home/JKP6679/Patho-Ensemble/PARADIS/datos/features/cptac_brca/features_ctranspath_monai...
Cargando features de /home/JKP6679/Patho-Ensemble/PARADIS/datos/features/cptac_brca/features_virchow_v1_monai...
Cargando features de /home/JKP6679/Patho-Ensemble/PARADIS/datos/features/cptac_brca/features_conch_v1_5_monai...
  Pesos óptimos: ctranspath=0.0693, virchow_v1=0.2414, conch_v1_5=0.6893
  FASE 2: Aplicando pesos a embeddings, entrenando ABMIL fusionado...
Cargando features de /home/JKP6679/Patho-Ensemble/PARADIS/datos/features/cptac_brca/features_ctranspath_monai...
Cargando features de /home/JKP6679/Patho-Ensemble/PARADIS/datos/features/cptac_brca/features_virchow_v1_monai...
Cargando features de /home/JKP6679/Patho-Ensemble/PARADIS/datos/features/cptac_brca/features_conch_v1_5_monai...
  Modelo fusionado entrenado (val_auc=1.0000)
  FASE 3: Evaluando en test...
  Test AUC: 0.9316, Acc: 0.8636, Prec: 0.8750, Rec: 0.7778, F1: 0.8235

============================================================
Fold 16
============================================================
  FASE 1: Optimizando pesos en predicciones in-sample...
Cargando features de /home/JKP6679/Patho-Ensemble/PARADIS/datos/features/cptac_brca/features_ctranspath_monai...
Cargando features de /home/JKP6679/Patho-Ensemble/PARADIS/datos/features/cptac_brca/features_virchow_v1_monai...
Cargando features de /home/JKP6679/Patho-Ensemble/PARADIS/datos/features/cptac_brca/features_conch_v1_5_monai...
  Pesos óptimos: ctranspath=0.0180, virchow_v1=0.0000, conch_v1_5=0.9820
  FASE 2: Aplicando pesos a embeddings, entrenando ABMIL fusionado...
Cargando features de /home/JKP6679/Patho-Ensemble/PARADIS/datos/features/cptac_brca/features_ctranspath_monai...
Cargando features de /home/JKP6679/Patho-Ensemble/PARADIS/datos/features/cptac_brca/features_virchow_v1_monai...
Cargando features de /home/JKP6679/Patho-Ensemble/PARADIS/datos/features/cptac_brca/features_conch_v1_5_monai...
  Modelo fusionado entrenado (val_auc=0.9333)
  FASE 3: Evaluando en test...
  Test AUC: 0.8462, Acc: 0.6818, Prec: 0.5714, Rec: 0.8889, F1: 0.6957

============================================================
Fold 17
============================================================
  FASE 1: Optimizando pesos en predicciones in-sample...
Cargando features de /home/JKP6679/Patho-Ensemble/PARADIS/datos/features/cptac_brca/features_ctranspath_monai...
Cargando features de /home/JKP6679/Patho-Ensemble/PARADIS/datos/features/cptac_brca/features_virchow_v1_monai...
Cargando features de /home/JKP6679/Patho-Ensemble/PARADIS/datos/features/cptac_brca/features_conch_v1_5_monai...
  Pesos óptimos: ctranspath=0.3333, virchow_v1=0.3333, conch_v1_5=0.3333
  FASE 2: Aplicando pesos a embeddings, entrenando ABMIL fusionado...
Cargando features de /home/JKP6679/Patho-Ensemble/PARADIS/datos/features/cptac_brca/features_ctranspath_monai...
Cargando features de /home/JKP6679/Patho-Ensemble/PARADIS/datos/features/cptac_brca/features_virchow_v1_monai...
Cargando features de /home/JKP6679/Patho-Ensemble/PARADIS/datos/features/cptac_brca/features_conch_v1_5_monai...
  Modelo fusionado entrenado (val_auc=0.7778)
  FASE 3: Evaluando en test...
  Test AUC: 0.8654, Acc: 0.7143, Prec: 0.5714, Rec: 1.0000, F1: 0.7273

============================================================
Fold 18
============================================================
  FASE 1: Optimizando pesos en predicciones in-sample...
Cargando features de /home/JKP6679/Patho-Ensemble/PARADIS/datos/features/cptac_brca/features_ctranspath_monai...
Cargando features de /home/JKP6679/Patho-Ensemble/PARADIS/datos/features/cptac_brca/features_virchow_v1_monai...
Cargando features de /home/JKP6679/Patho-Ensemble/PARADIS/datos/features/cptac_brca/features_conch_v1_5_monai...
  Pesos óptimos: ctranspath=0.3333, virchow_v1=0.3333, conch_v1_5=0.3333
  FASE 2: Aplicando pesos a embeddings, entrenando ABMIL fusionado...
Cargando features de /home/JKP6679/Patho-Ensemble/PARADIS/datos/features/cptac_brca/features_ctranspath_monai...
Cargando features de /home/JKP6679/Patho-Ensemble/PARADIS/datos/features/cptac_brca/features_virchow_v1_monai...
Cargando features de /home/JKP6679/Patho-Ensemble/PARADIS/datos/features/cptac_brca/features_conch_v1_5_monai...
  Modelo fusionado entrenado (val_auc=0.9107)
  FASE 3: Evaluando en test...
  Test AUC: 0.7885, Acc: 0.7619, Prec: 0.7143, Rec: 0.6250, F1: 0.6667

============================================================
Fold 19
============================================================
  FASE 1: Optimizando pesos en predicciones in-sample...
Cargando features de /home/JKP6679/Patho-Ensemble/PARADIS/datos/features/cptac_brca/features_ctranspath_monai...
Cargando features de /home/JKP6679/Patho-Ensemble/PARADIS/datos/features/cptac_brca/features_virchow_v1_monai...
Cargando features de /home/JKP6679/Patho-Ensemble/PARADIS/datos/features/cptac_brca/features_conch_v1_5_monai...
  Pesos óptimos: ctranspath=0.7404, virchow_v1=0.1189, conch_v1_5=0.1407
  FASE 2: Aplicando pesos a embeddings, entrenando ABMIL fusionado...
Cargando features de /home/JKP6679/Patho-Ensemble/PARADIS/datos/features/cptac_brca/features_ctranspath_monai...
Cargando features de /home/JKP6679/Patho-Ensemble/PARADIS/datos/features/cptac_brca/features_virchow_v1_monai...
Cargando features de /home/JKP6679/Patho-Ensemble/PARADIS/datos/features/cptac_brca/features_conch_v1_5_monai...
  Modelo fusionado entrenado (val_auc=0.7333)
  FASE 3: Evaluando en test...
  Test AUC: 0.8231, Acc: 0.7391, Prec: 0.7500, Rec: 0.6000, F1: 0.6667

============================================================
Fold 20
============================================================
  FASE 1: Optimizando pesos en predicciones in-sample...
Cargando features de /home/JKP6679/Patho-Ensemble/PARADIS/datos/features/cptac_brca/features_ctranspath_monai...
Cargando features de /home/JKP6679/Patho-Ensemble/PARADIS/datos/features/cptac_brca/features_virchow_v1_monai...
Cargando features de /home/JKP6679/Patho-Ensemble/PARADIS/datos/features/cptac_brca/features_conch_v1_5_monai...
  Pesos óptimos: ctranspath=0.6749, virchow_v1=0.0873, conch_v1_5=0.2379
  FASE 2: Aplicando pesos a embeddings, entrenando ABMIL fusionado...
Cargando features de /home/JKP6679/Patho-Ensemble/PARADIS/datos/features/cptac_brca/features_ctranspath_monai...
Cargando features de /home/JKP6679/Patho-Ensemble/PARADIS/datos/features/cptac_brca/features_virchow_v1_monai...
Cargando features de /home/JKP6679/Patho-Ensemble/PARADIS/datos/features/cptac_brca/features_conch_v1_5_monai...
  Modelo fusionado entrenado (val_auc=0.7500)
  FASE 3: Evaluando en test...
  Test AUC: 0.8173, Acc: 0.7143, Prec: 0.6250, Rec: 0.6250, F1: 0.6250

============================================================
Fold 21
============================================================
  FASE 1: Optimizando pesos en predicciones in-sample...
Cargando features de /home/JKP6679/Patho-Ensemble/PARADIS/datos/features/cptac_brca/features_ctranspath_monai...
Cargando features de /home/JKP6679/Patho-Ensemble/PARADIS/datos/features/cptac_brca/features_virchow_v1_monai...
Cargando features de /home/JKP6679/Patho-Ensemble/PARADIS/datos/features/cptac_brca/features_conch_v1_5_monai...
  Pesos óptimos: ctranspath=0.3247, virchow_v1=0.3267, conch_v1_5=0.3486
  FASE 2: Aplicando pesos a embeddings, entrenando ABMIL fusionado...
Cargando features de /home/JKP6679/Patho-Ensemble/PARADIS/datos/features/cptac_brca/features_ctranspath_monai...
Cargando features de /home/JKP6679/Patho-Ensemble/PARADIS/datos/features/cptac_brca/features_virchow_v1_monai...
Cargando features de /home/JKP6679/Patho-Ensemble/PARADIS/datos/features/cptac_brca/features_conch_v1_5_monai...
  Modelo fusionado entrenado (val_auc=0.7000)
  FASE 3: Evaluando en test...
  Test AUC: 0.7704, Acc: 0.5833, Prec: 0.4737, Rec: 1.0000, F1: 0.6429

============================================================
Fold 22
============================================================
  FASE 1: Optimizando pesos en predicciones in-sample...
Cargando features de /home/JKP6679/Patho-Ensemble/PARADIS/datos/features/cptac_brca/features_ctranspath_monai...
Cargando features de /home/JKP6679/Patho-Ensemble/PARADIS/datos/features/cptac_brca/features_virchow_v1_monai...
Cargando features de /home/JKP6679/Patho-Ensemble/PARADIS/datos/features/cptac_brca/features_conch_v1_5_monai...
  Pesos óptimos: ctranspath=0.3333, virchow_v1=0.3333, conch_v1_5=0.3333
  FASE 2: Aplicando pesos a embeddings, entrenando ABMIL fusionado...
Cargando features de /home/JKP6679/Patho-Ensemble/PARADIS/datos/features/cptac_brca/features_ctranspath_monai...
Cargando features de /home/JKP6679/Patho-Ensemble/PARADIS/datos/features/cptac_brca/features_virchow_v1_monai...
Cargando features de /home/JKP6679/Patho-Ensemble/PARADIS/datos/features/cptac_brca/features_conch_v1_5_monai...
  Modelo fusionado entrenado (val_auc=0.9815)
  FASE 3: Evaluando en test...
  Test AUC: 0.6500, Acc: 0.5652, Prec: 0.4286, Rec: 0.7500, F1: 0.5455

============================================================
Fold 23
============================================================
  FASE 1: Optimizando pesos en predicciones in-sample...
Cargando features de /home/JKP6679/Patho-Ensemble/PARADIS/datos/features/cptac_brca/features_ctranspath_monai...
Cargando features de /home/JKP6679/Patho-Ensemble/PARADIS/datos/features/cptac_brca/features_virchow_v1_monai...
Cargando features de /home/JKP6679/Patho-Ensemble/PARADIS/datos/features/cptac_brca/features_conch_v1_5_monai...
  Pesos óptimos: ctranspath=0.3212, virchow_v1=0.3394, conch_v1_5=0.3394
  FASE 2: Aplicando pesos a embeddings, entrenando ABMIL fusionado...
Cargando features de /home/JKP6679/Patho-Ensemble/PARADIS/datos/features/cptac_brca/features_ctranspath_monai...
Cargando features de /home/JKP6679/Patho-Ensemble/PARADIS/datos/features/cptac_brca/features_virchow_v1_monai...
Cargando features de /home/JKP6679/Patho-Ensemble/PARADIS/datos/features/cptac_brca/features_conch_v1_5_monai...
  Modelo fusionado entrenado (val_auc=0.9600)
  FASE 3: Evaluando en test...
  Test AUC: 0.7750, Acc: 0.7273, Prec: 0.7000, Rec: 0.7000, F1: 0.7000

============================================================
Fold 24
============================================================
  FASE 1: Optimizando pesos en predicciones in-sample...
Cargando features de /home/JKP6679/Patho-Ensemble/PARADIS/datos/features/cptac_brca/features_ctranspath_monai...
Cargando features de /home/JKP6679/Patho-Ensemble/PARADIS/datos/features/cptac_brca/features_virchow_v1_monai...
Cargando features de /home/JKP6679/Patho-Ensemble/PARADIS/datos/features/cptac_brca/features_conch_v1_5_monai...
  Pesos óptimos: ctranspath=0.0141, virchow_v1=0.2669, conch_v1_5=0.7190
  FASE 2: Aplicando pesos a embeddings, entrenando ABMIL fusionado...
Cargando features de /home/JKP6679/Patho-Ensemble/PARADIS/datos/features/cptac_brca/features_ctranspath_monai...
Cargando features de /home/JKP6679/Patho-Ensemble/PARADIS/datos/features/cptac_brca/features_virchow_v1_monai...
Cargando features de /home/JKP6679/Patho-Ensemble/PARADIS/datos/features/cptac_brca/features_conch_v1_5_monai...
  Modelo fusionado entrenado (val_auc=0.9444)
  FASE 3: Evaluando en test...
  Test AUC: 0.8482, Acc: 0.5909, Prec: 0.4615, Rec: 0.7500, F1: 0.5714

============================================================
Fold 25
============================================================
  FASE 1: Optimizando pesos en predicciones in-sample...
Cargando features de /home/JKP6679/Patho-Ensemble/PARADIS/datos/features/cptac_brca/features_ctranspath_monai...
Cargando features de /home/JKP6679/Patho-Ensemble/PARADIS/datos/features/cptac_brca/features_virchow_v1_monai...
Cargando features de /home/JKP6679/Patho-Ensemble/PARADIS/datos/features/cptac_brca/features_conch_v1_5_monai...
  Pesos óptimos: ctranspath=0.2191, virchow_v1=0.3496, conch_v1_5=0.4313
  FASE 2: Aplicando pesos a embeddings, entrenando ABMIL fusionado...
Cargando features de /home/JKP6679/Patho-Ensemble/PARADIS/datos/features/cptac_brca/features_ctranspath_monai...
Cargando features de /home/JKP6679/Patho-Ensemble/PARADIS/datos/features/cptac_brca/features_virchow_v1_monai...
Cargando features de /home/JKP6679/Patho-Ensemble/PARADIS/datos/features/cptac_brca/features_conch_v1_5_monai...
  Modelo fusionado entrenado (val_auc=0.7937)
  FASE 3: Evaluando en test...
  Test AUC: 0.7593, Acc: 0.6667, Prec: 0.6250, Rec: 0.5556, F1: 0.5882

============================================================
Fold 26
============================================================
  FASE 1: Optimizando pesos en predicciones in-sample...
Cargando features de /home/JKP6679/Patho-Ensemble/PARADIS/datos/features/cptac_brca/features_ctranspath_monai...
Cargando features de /home/JKP6679/Patho-Ensemble/PARADIS/datos/features/cptac_brca/features_virchow_v1_monai...
Cargando features de /home/JKP6679/Patho-Ensemble/PARADIS/datos/features/cptac_brca/features_conch_v1_5_monai...
  Pesos óptimos: ctranspath=0.0202, virchow_v1=0.3696, conch_v1_5=0.6102
  FASE 2: Aplicando pesos a embeddings, entrenando ABMIL fusionado...
Cargando features de /home/JKP6679/Patho-Ensemble/PARADIS/datos/features/cptac_brca/features_ctranspath_monai...
Cargando features de /home/JKP6679/Patho-Ensemble/PARADIS/datos/features/cptac_brca/features_virchow_v1_monai...
Cargando features de /home/JKP6679/Patho-Ensemble/PARADIS/datos/features/cptac_brca/features_conch_v1_5_monai...
  Modelo fusionado entrenado (val_auc=0.8730)
  FASE 3: Evaluando en test...
  Test AUC: 0.8036, Acc: 0.6818, Prec: 0.5333, Rec: 1.0000, F1: 0.6957

============================================================
Fold 27
============================================================
  FASE 1: Optimizando pesos en predicciones in-sample...
Cargando features de /home/JKP6679/Patho-Ensemble/PARADIS/datos/features/cptac_brca/features_ctranspath_monai...
Cargando features de /home/JKP6679/Patho-Ensemble/PARADIS/datos/features/cptac_brca/features_virchow_v1_monai...
Cargando features de /home/JKP6679/Patho-Ensemble/PARADIS/datos/features/cptac_brca/features_conch_v1_5_monai...
  Pesos óptimos: ctranspath=0.3333, virchow_v1=0.3333, conch_v1_5=0.3333
  FASE 2: Aplicando pesos a embeddings, entrenando ABMIL fusionado...
Cargando features de /home/JKP6679/Patho-Ensemble/PARADIS/datos/features/cptac_brca/features_ctranspath_monai...
Cargando features de /home/JKP6679/Patho-Ensemble/PARADIS/datos/features/cptac_brca/features_virchow_v1_monai...
Cargando features de /home/JKP6679/Patho-Ensemble/PARADIS/datos/features/cptac_brca/features_conch_v1_5_monai...
  Modelo fusionado entrenado (val_auc=0.8125)
  FASE 3: Evaluando en test...
  Test AUC: 0.8519, Acc: 0.8095, Prec: 0.8571, Rec: 0.6667, F1: 0.7500

============================================================
Fold 28
============================================================
  FASE 1: Optimizando pesos en predicciones in-sample...
Cargando features de /home/JKP6679/Patho-Ensemble/PARADIS/datos/features/cptac_brca/features_ctranspath_monai...
Cargando features de /home/JKP6679/Patho-Ensemble/PARADIS/datos/features/cptac_brca/features_virchow_v1_monai...
Cargando features de /home/JKP6679/Patho-Ensemble/PARADIS/datos/features/cptac_brca/features_conch_v1_5_monai...
  Pesos óptimos: ctranspath=0.3394, virchow_v1=0.3394, conch_v1_5=0.3212
  FASE 2: Aplicando pesos a embeddings, entrenando ABMIL fusionado...
Cargando features de /home/JKP6679/Patho-Ensemble/PARADIS/datos/features/cptac_brca/features_ctranspath_monai...
Cargando features de /home/JKP6679/Patho-Ensemble/PARADIS/datos/features/cptac_brca/features_virchow_v1_monai...
Cargando features de /home/JKP6679/Patho-Ensemble/PARADIS/datos/features/cptac_brca/features_conch_v1_5_monai...
  Modelo fusionado entrenado (val_auc=0.8833)
  FASE 3: Evaluando en test...
  Test AUC: 0.7812, Acc: 0.7000, Prec: 0.5833, Rec: 0.8750, F1: 0.7000

============================================================
Fold 29
============================================================
  FASE 1: Optimizando pesos en predicciones in-sample...
Cargando features de /home/JKP6679/Patho-Ensemble/PARADIS/datos/features/cptac_brca/features_ctranspath_monai...
Cargando features de /home/JKP6679/Patho-Ensemble/PARADIS/datos/features/cptac_brca/features_virchow_v1_monai...
Cargando features de /home/JKP6679/Patho-Ensemble/PARADIS/datos/features/cptac_brca/features_conch_v1_5_monai...
  Pesos óptimos: ctranspath=0.1924, virchow_v1=0.2897, conch_v1_5=0.5179
  FASE 2: Aplicando pesos a embeddings, entrenando ABMIL fusionado...
Cargando features de /home/JKP6679/Patho-Ensemble/PARADIS/datos/features/cptac_brca/features_ctranspath_monai...
Cargando features de /home/JKP6679/Patho-Ensemble/PARADIS/datos/features/cptac_brca/features_virchow_v1_monai...
Cargando features de /home/JKP6679/Patho-Ensemble/PARADIS/datos/features/cptac_brca/features_conch_v1_5_monai...
  Modelo fusionado entrenado (val_auc=0.9091)
  FASE 3: Evaluando en test...
  Test AUC: 0.8205, Acc: 0.6364, Prec: 0.5333, Rec: 0.8889, F1: 0.6667

============================================================
Fold 30
============================================================
  FASE 1: Optimizando pesos en predicciones in-sample...
Cargando features de /home/JKP6679/Patho-Ensemble/PARADIS/datos/features/cptac_brca/features_ctranspath_monai...
Cargando features de /home/JKP6679/Patho-Ensemble/PARADIS/datos/features/cptac_brca/features_virchow_v1_monai...
Cargando features de /home/JKP6679/Patho-Ensemble/PARADIS/datos/features/cptac_brca/features_conch_v1_5_monai...
  Pesos óptimos: ctranspath=0.3212, virchow_v1=0.3394, conch_v1_5=0.3394
  FASE 2: Aplicando pesos a embeddings, entrenando ABMIL fusionado...
Cargando features de /home/JKP6679/Patho-Ensemble/PARADIS/datos/features/cptac_brca/features_ctranspath_monai...
Cargando features de /home/JKP6679/Patho-Ensemble/PARADIS/datos/features/cptac_brca/features_virchow_v1_monai...
Cargando features de /home/JKP6679/Patho-Ensemble/PARADIS/datos/features/cptac_brca/features_conch_v1_5_monai...
  Modelo fusionado entrenado (val_auc=0.8500)
  FASE 3: Evaluando en test...
  Test AUC: 0.8750, Acc: 0.8571, Prec: 0.8571, Rec: 0.7500, F1: 0.8000

============================================================
Fold 31
============================================================
  FASE 1: Optimizando pesos en predicciones in-sample...
Cargando features de /home/JKP6679/Patho-Ensemble/PARADIS/datos/features/cptac_brca/features_ctranspath_monai...
Cargando features de /home/JKP6679/Patho-Ensemble/PARADIS/datos/features/cptac_brca/features_virchow_v1_monai...
Cargando features de /home/JKP6679/Patho-Ensemble/PARADIS/datos/features/cptac_brca/features_conch_v1_5_monai...
  Pesos óptimos: ctranspath=0.3483, virchow_v1=0.4234, conch_v1_5=0.2283
  FASE 2: Aplicando pesos a embeddings, entrenando ABMIL fusionado...
Cargando features de /home/JKP6679/Patho-Ensemble/PARADIS/datos/features/cptac_brca/features_ctranspath_monai...
Cargando features de /home/JKP6679/Patho-Ensemble/PARADIS/datos/features/cptac_brca/features_virchow_v1_monai...
Cargando features de /home/JKP6679/Patho-Ensemble/PARADIS/datos/features/cptac_brca/features_conch_v1_5_monai...
  Modelo fusionado entrenado (val_auc=1.0000)
  FASE 3: Evaluando en test...
  Test AUC: 0.8750, Acc: 0.7143, Prec: 1.0000, Rec: 0.2500, F1: 0.4000

============================================================
Fold 32
============================================================
  FASE 1: Optimizando pesos en predicciones in-sample...
Cargando features de /home/JKP6679/Patho-Ensemble/PARADIS/datos/features/cptac_brca/features_ctranspath_monai...
Cargando features de /home/JKP6679/Patho-Ensemble/PARADIS/datos/features/cptac_brca/features_virchow_v1_monai...
Cargando features de /home/JKP6679/Patho-Ensemble/PARADIS/datos/features/cptac_brca/features_conch_v1_5_monai...
  Pesos óptimos: ctranspath=0.2957, virchow_v1=0.7008, conch_v1_5=0.0035
  FASE 2: Aplicando pesos a embeddings, entrenando ABMIL fusionado...
Cargando features de /home/JKP6679/Patho-Ensemble/PARADIS/datos/features/cptac_brca/features_ctranspath_monai...
Cargando features de /home/JKP6679/Patho-Ensemble/PARADIS/datos/features/cptac_brca/features_virchow_v1_monai...
Cargando features de /home/JKP6679/Patho-Ensemble/PARADIS/datos/features/cptac_brca/features_conch_v1_5_monai...
  Modelo fusionado entrenado (val_auc=0.9000)
  FASE 3: Evaluando en test...
  Test AUC: 0.8056, Acc: 0.7143, Prec: 0.6154, Rec: 0.8889, F1: 0.7273

============================================================
Fold 33
============================================================
  FASE 1: Optimizando pesos en predicciones in-sample...
Cargando features de /home/JKP6679/Patho-Ensemble/PARADIS/datos/features/cptac_brca/features_ctranspath_monai...
Cargando features de /home/JKP6679/Patho-Ensemble/PARADIS/datos/features/cptac_brca/features_virchow_v1_monai...
Cargando features de /home/JKP6679/Patho-Ensemble/PARADIS/datos/features/cptac_brca/features_conch_v1_5_monai...
  Pesos óptimos: ctranspath=0.5285, virchow_v1=0.1720, conch_v1_5=0.2995
  FASE 2: Aplicando pesos a embeddings, entrenando ABMIL fusionado...
Cargando features de /home/JKP6679/Patho-Ensemble/PARADIS/datos/features/cptac_brca/features_ctranspath_monai...
Cargando features de /home/JKP6679/Patho-Ensemble/PARADIS/datos/features/cptac_brca/features_virchow_v1_monai...
Cargando features de /home/JKP6679/Patho-Ensemble/PARADIS/datos/features/cptac_brca/features_conch_v1_5_monai...
  Modelo fusionado entrenado (val_auc=0.8571)
  FASE 3: Evaluando en test...
  Test AUC: 0.8000, Acc: 0.6957, Prec: 0.7143, Rec: 0.5000, F1: 0.5882

============================================================
Fold 34
============================================================
  FASE 1: Optimizando pesos en predicciones in-sample...
Cargando features de /home/JKP6679/Patho-Ensemble/PARADIS/datos/features/cptac_brca/features_ctranspath_monai...
Cargando features de /home/JKP6679/Patho-Ensemble/PARADIS/datos/features/cptac_brca/features_virchow_v1_monai...
Cargando features de /home/JKP6679/Patho-Ensemble/PARADIS/datos/features/cptac_brca/features_conch_v1_5_monai...
  Pesos óptimos: ctranspath=0.9942, virchow_v1=0.0034, conch_v1_5=0.0025
  FASE 2: Aplicando pesos a embeddings, entrenando ABMIL fusionado...
Cargando features de /home/JKP6679/Patho-Ensemble/PARADIS/datos/features/cptac_brca/features_ctranspath_monai...
Cargando features de /home/JKP6679/Patho-Ensemble/PARADIS/datos/features/cptac_brca/features_virchow_v1_monai...
Cargando features de /home/JKP6679/Patho-Ensemble/PARADIS/datos/features/cptac_brca/features_conch_v1_5_monai...
  Modelo fusionado entrenado (val_auc=1.0000)
  FASE 3: Evaluando en test...
  Test AUC: 0.7698, Acc: 0.6522, Prec: 0.5556, Rec: 0.5556, F1: 0.5556

============================================================
Fold 35
============================================================
  FASE 1: Optimizando pesos en predicciones in-sample...
Cargando features de /home/JKP6679/Patho-Ensemble/PARADIS/datos/features/cptac_brca/features_ctranspath_monai...
Cargando features de /home/JKP6679/Patho-Ensemble/PARADIS/datos/features/cptac_brca/features_virchow_v1_monai...
Cargando features de /home/JKP6679/Patho-Ensemble/PARADIS/datos/features/cptac_brca/features_conch_v1_5_monai...
  Pesos óptimos: ctranspath=0.0122, virchow_v1=0.0523, conch_v1_5=0.9355
  FASE 2: Aplicando pesos a embeddings, entrenando ABMIL fusionado...
Cargando features de /home/JKP6679/Patho-Ensemble/PARADIS/datos/features/cptac_brca/features_ctranspath_monai...
Cargando features de /home/JKP6679/Patho-Ensemble/PARADIS/datos/features/cptac_brca/features_virchow_v1_monai...
Cargando features de /home/JKP6679/Patho-Ensemble/PARADIS/datos/features/cptac_brca/features_conch_v1_5_monai...
  Modelo fusionado entrenado (val_auc=0.9286)
  FASE 3: Evaluando en test...
  Test AUC: 0.8205, Acc: 0.7273, Prec: 0.6667, Rec: 0.6667, F1: 0.6667

============================================================
Fold 36
============================================================
  FASE 1: Optimizando pesos en predicciones in-sample...
Cargando features de /home/JKP6679/Patho-Ensemble/PARADIS/datos/features/cptac_brca/features_ctranspath_monai...
Cargando features de /home/JKP6679/Patho-Ensemble/PARADIS/datos/features/cptac_brca/features_virchow_v1_monai...
Cargando features de /home/JKP6679/Patho-Ensemble/PARADIS/datos/features/cptac_brca/features_conch_v1_5_monai...
  Pesos óptimos: ctranspath=0.3333, virchow_v1=0.3333, conch_v1_5=0.3333
  FASE 2: Aplicando pesos a embeddings, entrenando ABMIL fusionado...
Cargando features de /home/JKP6679/Patho-Ensemble/PARADIS/datos/features/cptac_brca/features_ctranspath_monai...
Cargando features de /home/JKP6679/Patho-Ensemble/PARADIS/datos/features/cptac_brca/features_virchow_v1_monai...
Cargando features de /home/JKP6679/Patho-Ensemble/PARADIS/datos/features/cptac_brca/features_conch_v1_5_monai...
  Modelo fusionado entrenado (val_auc=0.8750)
  FASE 3: Evaluando en test...
  Test AUC: 0.8438, Acc: 0.8000, Prec: 0.7500, Rec: 0.7500, F1: 0.7500

============================================================
Fold 37
============================================================
  FASE 1: Optimizando pesos en predicciones in-sample...
Cargando features de /home/JKP6679/Patho-Ensemble/PARADIS/datos/features/cptac_brca/features_ctranspath_monai...
Cargando features de /home/JKP6679/Patho-Ensemble/PARADIS/datos/features/cptac_brca/features_virchow_v1_monai...
Cargando features de /home/JKP6679/Patho-Ensemble/PARADIS/datos/features/cptac_brca/features_conch_v1_5_monai...
  Pesos óptimos: ctranspath=0.6531, virchow_v1=0.3189, conch_v1_5=0.0280
  FASE 2: Aplicando pesos a embeddings, entrenando ABMIL fusionado...
Cargando features de /home/JKP6679/Patho-Ensemble/PARADIS/datos/features/cptac_brca/features_ctranspath_monai...
Cargando features de /home/JKP6679/Patho-Ensemble/PARADIS/datos/features/cptac_brca/features_virchow_v1_monai...
Cargando features de /home/JKP6679/Patho-Ensemble/PARADIS/datos/features/cptac_brca/features_conch_v1_5_monai...
  Modelo fusionado entrenado (val_auc=0.8214)
  FASE 3: Evaluando en test...
  Test AUC: 0.6696, Acc: 0.5909, Prec: 0.4000, Rec: 0.2500, F1: 0.3077

============================================================
Fold 38
============================================================
  FASE 1: Optimizando pesos en predicciones in-sample...
Cargando features de /home/JKP6679/Patho-Ensemble/PARADIS/datos/features/cptac_brca/features_ctranspath_monai...
Cargando features de /home/JKP6679/Patho-Ensemble/PARADIS/datos/features/cptac_brca/features_virchow_v1_monai...
Cargando features de /home/JKP6679/Patho-Ensemble/PARADIS/datos/features/cptac_brca/features_conch_v1_5_monai...
  Pesos óptimos: ctranspath=0.6822, virchow_v1=0.2017, conch_v1_5=0.1162
  FASE 2: Aplicando pesos a embeddings, entrenando ABMIL fusionado...
Cargando features de /home/JKP6679/Patho-Ensemble/PARADIS/datos/features/cptac_brca/features_ctranspath_monai...
Cargando features de /home/JKP6679/Patho-Ensemble/PARADIS/datos/features/cptac_brca/features_virchow_v1_monai...
Cargando features de /home/JKP6679/Patho-Ensemble/PARADIS/datos/features/cptac_brca/features_conch_v1_5_monai...
  Modelo fusionado entrenado (val_auc=0.9643)
  FASE 3: Evaluando en test...
  Test AUC: 0.8205, Acc: 0.7727, Prec: 0.7000, Rec: 0.7778, F1: 0.7368

============================================================
Fold 39
============================================================
  FASE 1: Optimizando pesos en predicciones in-sample...
Cargando features de /home/JKP6679/Patho-Ensemble/PARADIS/datos/features/cptac_brca/features_ctranspath_monai...
Cargando features de /home/JKP6679/Patho-Ensemble/PARADIS/datos/features/cptac_brca/features_virchow_v1_monai...
Cargando features de /home/JKP6679/Patho-Ensemble/PARADIS/datos/features/cptac_brca/features_conch_v1_5_monai...
  Pesos óptimos: ctranspath=0.3333, virchow_v1=0.3333, conch_v1_5=0.3333
  FASE 2: Aplicando pesos a embeddings, entrenando ABMIL fusionado...
Cargando features de /home/JKP6679/Patho-Ensemble/PARADIS/datos/features/cptac_brca/features_ctranspath_monai...
Cargando features de /home/JKP6679/Patho-Ensemble/PARADIS/datos/features/cptac_brca/features_virchow_v1_monai...
Cargando features de /home/JKP6679/Patho-Ensemble/PARADIS/datos/features/cptac_brca/features_conch_v1_5_monai...
  Modelo fusionado entrenado (val_auc=0.8444)
  FASE 3: Evaluando en test...
  Test AUC: 0.7946, Acc: 0.6364, Prec: 0.5000, Rec: 0.6250, F1: 0.5556

============================================================
Fold 40
============================================================
  FASE 1: Optimizando pesos en predicciones in-sample...
Cargando features de /home/JKP6679/Patho-Ensemble/PARADIS/datos/features/cptac_brca/features_ctranspath_monai...
Cargando features de /home/JKP6679/Patho-Ensemble/PARADIS/datos/features/cptac_brca/features_virchow_v1_monai...
Cargando features de /home/JKP6679/Patho-Ensemble/PARADIS/datos/features/cptac_brca/features_conch_v1_5_monai...
  Pesos óptimos: ctranspath=0.3145, virchow_v1=0.3709, conch_v1_5=0.3145
  FASE 2: Aplicando pesos a embeddings, entrenando ABMIL fusionado...
Cargando features de /home/JKP6679/Patho-Ensemble/PARADIS/datos/features/cptac_brca/features_ctranspath_monai...
Cargando features de /home/JKP6679/Patho-Ensemble/PARADIS/datos/features/cptac_brca/features_virchow_v1_monai...
Cargando features de /home/JKP6679/Patho-Ensemble/PARADIS/datos/features/cptac_brca/features_conch_v1_5_monai...
  Modelo fusionado entrenado (val_auc=0.9273)
  FASE 3: Evaluando en test...
  Test AUC: 0.6771, Acc: 0.7000, Prec: 0.6667, Rec: 0.5000, F1: 0.5714

============================================================
Fold 41
============================================================
  FASE 1: Optimizando pesos en predicciones in-sample...
Cargando features de /home/JKP6679/Patho-Ensemble/PARADIS/datos/features/cptac_brca/features_ctranspath_monai...
Cargando features de /home/JKP6679/Patho-Ensemble/PARADIS/datos/features/cptac_brca/features_virchow_v1_monai...
Cargando features de /home/JKP6679/Patho-Ensemble/PARADIS/datos/features/cptac_brca/features_conch_v1_5_monai...
  Pesos óptimos: ctranspath=0.0593, virchow_v1=0.1178, conch_v1_5=0.8229
  FASE 2: Aplicando pesos a embeddings, entrenando ABMIL fusionado...
Cargando features de /home/JKP6679/Patho-Ensemble/PARADIS/datos/features/cptac_brca/features_ctranspath_monai...
Cargando features de /home/JKP6679/Patho-Ensemble/PARADIS/datos/features/cptac_brca/features_virchow_v1_monai...
Cargando features de /home/JKP6679/Patho-Ensemble/PARADIS/datos/features/cptac_brca/features_conch_v1_5_monai...
  Modelo fusionado entrenado (val_auc=1.0000)
  FASE 3: Evaluando en test...
  Test AUC: 0.7232, Acc: 0.6364, Prec: 0.5000, Rec: 0.6250, F1: 0.5556

============================================================
Fold 42
============================================================
  FASE 1: Optimizando pesos en predicciones in-sample...
Cargando features de /home/JKP6679/Patho-Ensemble/PARADIS/datos/features/cptac_brca/features_ctranspath_monai...
Cargando features de /home/JKP6679/Patho-Ensemble/PARADIS/datos/features/cptac_brca/features_virchow_v1_monai...
Cargando features de /home/JKP6679/Patho-Ensemble/PARADIS/datos/features/cptac_brca/features_conch_v1_5_monai...
  Pesos óptimos: ctranspath=0.2374, virchow_v1=0.0558, conch_v1_5=0.7068
  FASE 2: Aplicando pesos a embeddings, entrenando ABMIL fusionado...
Cargando features de /home/JKP6679/Patho-Ensemble/PARADIS/datos/features/cptac_brca/features_ctranspath_monai...
Cargando features de /home/JKP6679/Patho-Ensemble/PARADIS/datos/features/cptac_brca/features_virchow_v1_monai...
Cargando features de /home/JKP6679/Patho-Ensemble/PARADIS/datos/features/cptac_brca/features_conch_v1_5_monai...
  Modelo fusionado entrenado (val_auc=0.8542)
  FASE 3: Evaluando en test...
  Test AUC: 0.8125, Acc: 0.7500, Prec: 0.7143, Rec: 0.6250, F1: 0.6667

============================================================
Fold 43
============================================================
  FASE 1: Optimizando pesos en predicciones in-sample...
Cargando features de /home/JKP6679/Patho-Ensemble/PARADIS/datos/features/cptac_brca/features_ctranspath_monai...
Cargando features de /home/JKP6679/Patho-Ensemble/PARADIS/datos/features/cptac_brca/features_virchow_v1_monai...
Cargando features de /home/JKP6679/Patho-Ensemble/PARADIS/datos/features/cptac_brca/features_conch_v1_5_monai...
  Pesos óptimos: ctranspath=0.0695, virchow_v1=0.7469, conch_v1_5=0.1837
  FASE 2: Aplicando pesos a embeddings, entrenando ABMIL fusionado...
Cargando features de /home/JKP6679/Patho-Ensemble/PARADIS/datos/features/cptac_brca/features_ctranspath_monai...
Cargando features de /home/JKP6679/Patho-Ensemble/PARADIS/datos/features/cptac_brca/features_virchow_v1_monai...
Cargando features de /home/JKP6679/Patho-Ensemble/PARADIS/datos/features/cptac_brca/features_conch_v1_5_monai...
  Modelo fusionado entrenado (val_auc=0.8889)
  FASE 3: Evaluando en test...
  Test AUC: 0.7596, Acc: 0.7143, Prec: 0.6250, Rec: 0.6250, F1: 0.6250

============================================================
Fold 44
============================================================
  FASE 1: Optimizando pesos en predicciones in-sample...
Cargando features de /home/JKP6679/Patho-Ensemble/PARADIS/datos/features/cptac_brca/features_ctranspath_monai...
Cargando features de /home/JKP6679/Patho-Ensemble/PARADIS/datos/features/cptac_brca/features_virchow_v1_monai...
Cargando features de /home/JKP6679/Patho-Ensemble/PARADIS/datos/features/cptac_brca/features_conch_v1_5_monai...
  Pesos óptimos: ctranspath=0.4285, virchow_v1=0.5351, conch_v1_5=0.0364
  FASE 2: Aplicando pesos a embeddings, entrenando ABMIL fusionado...
Cargando features de /home/JKP6679/Patho-Ensemble/PARADIS/datos/features/cptac_brca/features_ctranspath_monai...
Cargando features de /home/JKP6679/Patho-Ensemble/PARADIS/datos/features/cptac_brca/features_virchow_v1_monai...
Cargando features de /home/JKP6679/Patho-Ensemble/PARADIS/datos/features/cptac_brca/features_conch_v1_5_monai...
  Modelo fusionado entrenado (val_auc=0.8167)
  FASE 3: Evaluando en test...
  Test AUC: 0.9583, Acc: 0.7500, Prec: 0.6154, Rec: 1.0000, F1: 0.7619

============================================================
Fold 45
============================================================
  FASE 1: Optimizando pesos en predicciones in-sample...
Cargando features de /home/JKP6679/Patho-Ensemble/PARADIS/datos/features/cptac_brca/features_ctranspath_monai...
Cargando features de /home/JKP6679/Patho-Ensemble/PARADIS/datos/features/cptac_brca/features_virchow_v1_monai...
Cargando features de /home/JKP6679/Patho-Ensemble/PARADIS/datos/features/cptac_brca/features_conch_v1_5_monai...
  Pesos óptimos: ctranspath=0.6437, virchow_v1=0.1599, conch_v1_5=0.1964
  FASE 2: Aplicando pesos a embeddings, entrenando ABMIL fusionado...
Cargando features de /home/JKP6679/Patho-Ensemble/PARADIS/datos/features/cptac_brca/features_ctranspath_monai...
Cargando features de /home/JKP6679/Patho-Ensemble/PARADIS/datos/features/cptac_brca/features_virchow_v1_monai...
Cargando features de /home/JKP6679/Patho-Ensemble/PARADIS/datos/features/cptac_brca/features_conch_v1_5_monai...
  Modelo fusionado entrenado (val_auc=0.9643)
  FASE 3: Evaluando en test...
  Test AUC: 0.7949, Acc: 0.6818, Prec: 0.5833, Rec: 0.7778, F1: 0.6667

============================================================
Fold 46
============================================================
  FASE 1: Optimizando pesos en predicciones in-sample...
Cargando features de /home/JKP6679/Patho-Ensemble/PARADIS/datos/features/cptac_brca/features_ctranspath_monai...
Cargando features de /home/JKP6679/Patho-Ensemble/PARADIS/datos/features/cptac_brca/features_virchow_v1_monai...
Cargando features de /home/JKP6679/Patho-Ensemble/PARADIS/datos/features/cptac_brca/features_conch_v1_5_monai...
  Pesos óptimos: ctranspath=0.0048, virchow_v1=0.6074, conch_v1_5=0.3878
  FASE 2: Aplicando pesos a embeddings, entrenando ABMIL fusionado...
Cargando features de /home/JKP6679/Patho-Ensemble/PARADIS/datos/features/cptac_brca/features_ctranspath_monai...
Cargando features de /home/JKP6679/Patho-Ensemble/PARADIS/datos/features/cptac_brca/features_virchow_v1_monai...
Cargando features de /home/JKP6679/Patho-Ensemble/PARADIS/datos/features/cptac_brca/features_conch_v1_5_monai...
  Modelo fusionado entrenado (val_auc=0.8833)
  FASE 3: Evaluando en test...
  Test AUC: 0.7037, Acc: 0.5714, Prec: 0.5000, Rec: 0.7778, F1: 0.6087

============================================================
Fold 47
============================================================
  FASE 1: Optimizando pesos en predicciones in-sample...
Cargando features de /home/JKP6679/Patho-Ensemble/PARADIS/datos/features/cptac_brca/features_ctranspath_monai...
Cargando features de /home/JKP6679/Patho-Ensemble/PARADIS/datos/features/cptac_brca/features_virchow_v1_monai...
Cargando features de /home/JKP6679/Patho-Ensemble/PARADIS/datos/features/cptac_brca/features_conch_v1_5_monai...
  Pesos óptimos: ctranspath=0.0063, virchow_v1=0.0169, conch_v1_5=0.9768
  FASE 2: Aplicando pesos a embeddings, entrenando ABMIL fusionado...
Cargando features de /home/JKP6679/Patho-Ensemble/PARADIS/datos/features/cptac_brca/features_ctranspath_monai...
Cargando features de /home/JKP6679/Patho-Ensemble/PARADIS/datos/features/cptac_brca/features_virchow_v1_monai...
Cargando features de /home/JKP6679/Patho-Ensemble/PARADIS/datos/features/cptac_brca/features_conch_v1_5_monai...
  Modelo fusionado entrenado (val_auc=0.9286)
  FASE 3: Evaluando en test...
  Test AUC: 0.8750, Acc: 0.7083, Prec: 0.5333, Rec: 1.0000, F1: 0.6957

============================================================
Fold 48
============================================================
  FASE 1: Optimizando pesos en predicciones in-sample...
Cargando features de /home/JKP6679/Patho-Ensemble/PARADIS/datos/features/cptac_brca/features_ctranspath_monai...
Cargando features de /home/JKP6679/Patho-Ensemble/PARADIS/datos/features/cptac_brca/features_virchow_v1_monai...
Cargando features de /home/JKP6679/Patho-Ensemble/PARADIS/datos/features/cptac_brca/features_conch_v1_5_monai...
  Pesos óptimos: ctranspath=0.4818, virchow_v1=0.4517, conch_v1_5=0.0665
  FASE 2: Aplicando pesos a embeddings, entrenando ABMIL fusionado...
Cargando features de /home/JKP6679/Patho-Ensemble/PARADIS/datos/features/cptac_brca/features_ctranspath_monai...
Cargando features de /home/JKP6679/Patho-Ensemble/PARADIS/datos/features/cptac_brca/features_virchow_v1_monai...
Cargando features de /home/JKP6679/Patho-Ensemble/PARADIS/datos/features/cptac_brca/features_conch_v1_5_monai...
  Modelo fusionado entrenado (val_auc=1.0000)
  FASE 3: Evaluando en test...
  Test AUC: 0.8034, Acc: 0.7727, Prec: 0.7000, Rec: 0.7778, F1: 0.7368

============================================================
Fold 49
============================================================
  FASE 1: Optimizando pesos en predicciones in-sample...
Cargando features de /home/JKP6679/Patho-Ensemble/PARADIS/datos/features/cptac_brca/features_ctranspath_monai...
Cargando features de /home/JKP6679/Patho-Ensemble/PARADIS/datos/features/cptac_brca/features_virchow_v1_monai...
Cargando features de /home/JKP6679/Patho-Ensemble/PARADIS/datos/features/cptac_brca/features_conch_v1_5_monai...
  Pesos óptimos: ctranspath=0.3212, virchow_v1=0.3394, conch_v1_5=0.3394
  FASE 2: Aplicando pesos a embeddings, entrenando ABMIL fusionado...
Cargando features de /home/JKP6679/Patho-Ensemble/PARADIS/datos/features/cptac_brca/features_ctranspath_monai...
Cargando features de /home/JKP6679/Patho-Ensemble/PARADIS/datos/features/cptac_brca/features_virchow_v1_monai...
Cargando features de /home/JKP6679/Patho-Ensemble/PARADIS/datos/features/cptac_brca/features_conch_v1_5_monai...
  Modelo fusionado entrenado (val_auc=0.9184)
  FASE 3: Evaluando en test...
  Test AUC: 0.6250, Acc: 0.5000, Prec: 0.4211, Rec: 1.0000, F1: 0.5926

================================================================================
✓ Weighted Early Fusion complete (50 folds)
Results saved to: /home/JKP6679/Patho-Ensemble/PARADIS/datos/patches/cptac_brca/TP53_mutation/abmil/weighted_early_fusion_ctranspath_virchow_v1_conch_v1_5
================================================================================

Summary (Test):
  Mean AUC: 0.7838 ± 0.0895
  Min AUC: 0.5000
  Max AUC: 0.9583

Weight Statistics:
  ctranspath: 0.2999 ± 0.2360 (range: [0.0001, 0.9942])
  virchow_v1: 0.2919 ± 0.1950 (range: [0.0000, 0.8451])
  conch_v1_5: 0.4082 ± 0.2852 (range: [0.0025, 0.9879])

✓ Escala completa completada

============================================================================
Comparación pareada: Opción D (Weighted Early) vs Opción A (Nelder-Mead)
============================================================================
✓ Loaded Opción D AUCs: 50 folds
✓ Loaded Opción A AUCs: 50 folds

================================================================================
COMPARACIÓN PAREADA: Opción D (Weighted Early) vs Opción A (Nelder-Mead)
================================================================================

Fold  0: OpA=0.6964  OpD=0.7143  Δ=+0.0179 ✓
Fold  1: OpA=0.8651  OpD=0.8968  Δ=+0.0317 ✓
Fold  2: OpA=0.7604  OpD=0.5833  Δ=-0.1771 ✗
Fold  3: OpA=0.8125  OpD=0.6771  Δ=-0.1354 ✗
Fold  4: OpA=0.6771  OpD=0.8229  Δ=+0.1458 ✓
Fold  5: OpA=0.8846  OpD=0.7981  Δ=-0.0865 ✗
Fold  6: OpA=0.7679  OpD=0.8661  Δ=+0.0982 ✓
Fold  7: OpA=0.7981  OpD=0.7885  Δ=-0.0096 ✗
Fold  8: OpA=0.8796  OpD=0.8426  Δ=-0.0370 ✗
Fold  9: OpA=0.8942  OpD=0.9135  Δ=+0.0192 ✓
Fold 10: OpA=0.8077  OpD=0.8077  Δ=+0.0000 =
Fold 11: OpA=0.7937  OpD=0.6667  Δ=-0.1270 ✗
Fold 12: OpA=0.7917  OpD=0.6979  Δ=-0.0937 ✗
Fold 13: OpA=0.7083  OpD=0.5000  Δ=-0.2083 ✗
Fold 14: OpA=0.6019  OpD=0.6759  Δ=+0.0741 ✓
Fold 15: OpA=0.7778  OpD=0.9316  Δ=+0.1538 ✓
Fold 16: OpA=0.7521  OpD=0.8462  Δ=+0.0940 ✓
Fold 17: OpA=0.8750  OpD=0.8654  Δ=-0.0096 ✗
Fold 18: OpA=0.8462  OpD=0.7885  Δ=-0.0577 ✗
Fold 19: OpA=0.8615  OpD=0.8231  Δ=-0.0385 ✗
Fold 20: OpA=0.7885  OpD=0.8173  Δ=+0.0288 ✓
Fold 21: OpA=0.8444  OpD=0.7704  Δ=-0.0741 ✗
Fold 22: OpA=0.5583  OpD=0.6500  Δ=+0.0917 ✓
Fold 23: OpA=0.8000  OpD=0.7750  Δ=-0.0250 ✗
Fold 24: OpA=0.9018  OpD=0.8482  Δ=-0.0536 ✗
Fold 25: OpA=0.6944  OpD=0.7593  Δ=+0.0648 ✓
Fold 26: OpA=0.7321  OpD=0.8036  Δ=+0.0714 ✓
Fold 27: OpA=0.9074  OpD=0.8519  Δ=-0.0556 ✗
Fold 28: OpA=0.9062  OpD=0.7812  Δ=-0.1250 ✗
Fold 29: OpA=0.8376  OpD=0.8205  Δ=-0.0171 ✗
Fold 30: OpA=0.9038  OpD=0.8750  Δ=-0.0288 ✗
Fold 31: OpA=0.9423  OpD=0.8750  Δ=-0.0673 ✗
Fold 32: OpA=0.6852  OpD=0.8056  Δ=+0.1204 ✓
Fold 33: OpA=0.8462  OpD=0.8000  Δ=-0.0462 ✗
Fold 34: OpA=0.7460  OpD=0.7698  Δ=+0.0238 ✓
Fold 35: OpA=0.8974  OpD=0.8205  Δ=-0.0769 ✗
Fold 36: OpA=0.7812  OpD=0.8438  Δ=+0.0625 ✓
Fold 37: OpA=0.7500  OpD=0.6696  Δ=-0.0804 ✗
Fold 38: OpA=0.8803  OpD=0.8205  Δ=-0.0598 ✗
Fold 39: OpA=0.8393  OpD=0.7946  Δ=-0.0446 ✗
Fold 40: OpA=0.8750  OpD=0.6771  Δ=-0.1979 ✗
Fold 41: OpA=0.6696  OpD=0.7232  Δ=+0.0536 ✓
Fold 42: OpA=0.7396  OpD=0.8125  Δ=+0.0729 ✓
Fold 43: OpA=0.7115  OpD=0.7596  Δ=+0.0481 ✓
Fold 44: OpA=0.9375  OpD=0.9583  Δ=+0.0208 ✓
Fold 45: OpA=0.8376  OpD=0.7949  Δ=-0.0427 ✗
Fold 46: OpA=0.7130  OpD=0.7037  Δ=-0.0093 ✗
Fold 47: OpA=0.7812  OpD=0.8750  Δ=+0.0938 ✓
Fold 48: OpA=0.9573  OpD=0.8034  Δ=-0.1538 ✗
Fold 49: OpA=0.7857  OpD=0.6250  Δ=-0.1607 ✗

================================================================================
ESTADÍSTICA
================================================================================
N folds: 50
Wins/Ties/Losses: 20/1/29
Mean Δ AUC: -0.0182
Median Δ AUC: -0.0210
Std Δ AUC: 0.0880
Bootstrap 95% CI: [-0.0421, +0.0061]
Paired t-test: t=-1.4511, p=0.1531

================================================================================
CONCLUSIÓN
================================================================================
⚠️  SIN DIFERENCIA SIGNIFICATIVA
Δ AUC: -0.0182 [-0.0421, +0.0061]
Wins: 20/50

✓ Resultados guardados en results_opcion_d_weighted_early_fusion.json

============================================================================
TODO COMPLETADO
Fecha: Fri Aug 21 18:45:25 CEST 2026
============================================================================

Resultados disponibles:
  Opción D: /home/JKP6679/Patho-Ensemble/PARADIS/datos/patches/cptac_brca/TP53_mutation/abmil/weighted_early_fusion_ctranspath_virchow_v1_conch_v1_5/
  Comparación: results_opcion_d_weighted_early_fusion.json

