============================================================================
OPCIÓN B: Late Fusion + CMA-ES Weight Optimization
Fecha: Sun Sep 20 20:25:54 CEST 2026
============================================================================

============================================================================
Modelos: ctranspath uni_v2 conch_v1_5
============================================================================
--- piloto: 5 folds ---

================================================================================
Opción B: Late Fusion + CMA-ES Weight Optimization
================================================================================
Dataset: cptac_brca / Task: TP53_mutation
Models: ['ctranspath', 'uni_v2', 'conch_v1_5']
Folds: 0..4 (requested), 50 available
sigma0=0.5, popsize=auto, maxfevals=2000
================================================================================


============================================================
Fold 0
============================================================
  Train (in-sample): 75 samples
  Test: 22 samples
  Weights: ctranspath=0.9927, uni_v2=0.0060, conch_v1_5=0.0013
  CMA-ES evaluations: 49
  Train AUC (in-sample): 0.9833
  Test AUC: 0.6964, Acc: 0.7727, Prec: 0.7143, Rec: 0.6250, F1: 0.6667

============================================================
Fold 1
============================================================
  Train (in-sample): 76 samples
  Test: 23 samples
  Weights: ctranspath=0.4650, uni_v2=0.3498, conch_v1_5=0.1852
  CMA-ES evaluations: 238
  Train AUC (in-sample): 0.8925
  Test AUC: 0.8016, Acc: 0.4783, Prec: 0.4286, Rec: 1.0000, F1: 0.6000

============================================================
Fold 2
============================================================
  Train (in-sample): 76 samples
  Test: 20 samples
  Weights: ctranspath=0.0219, uni_v2=0.0327, conch_v1_5=0.9454
  CMA-ES evaluations: 63
  Train AUC (in-sample): 0.9677
  Test AUC: 0.7500, Acc: 0.7500, Prec: 0.6667, Rec: 0.7500, F1: 0.7059

============================================================
Fold 3
============================================================
  Train (in-sample): 76 samples
  Test: 20 samples
  Weights: ctranspath=0.8560, uni_v2=0.0878, conch_v1_5=0.0562
  CMA-ES evaluations: 105
  Train AUC (in-sample): 0.9808
  Test AUC: 0.8229, Acc: 0.7500, Prec: 0.6364, Rec: 0.8750, F1: 0.7368

============================================================
Fold 4
============================================================
  Train (in-sample): 77 samples
  Test: 20 samples
  Weights: ctranspath=0.0529, uni_v2=0.3799, conch_v1_5=0.5673
  CMA-ES evaluations: 154
  Train AUC (in-sample): 0.9368
  Test AUC: 0.7188, Acc: 0.8000, Prec: 0.7500, Rec: 0.7500, F1: 0.7500

================================================================================
✓ CMA-ES optimization complete (5 folds)
Results saved to: /home/JKP6679/Patho-Ensemble/PARADIS/datos/patches/cptac_brca/TP53_mutation/abmil/ensemble4_cmaes_ctranspath_uni_v2_conch_v1_5
================================================================================

Summary (Test):
  Mean AUC: 0.7579 ± 0.0480
  Min AUC: 0.6964
  Max AUC: 0.8229

Summary (Train in-sample):
  Mean AUC: 0.9522 ± 0.0342
  Mean overfitting: 0.1943

Weight Statistics:
  ctranspath: 0.4777 ± 0.3992 (range: [0.0219, 0.9927])
  uni_v2: 0.1712 ± 0.1605 (range: [0.0060, 0.3799])
  conch_v1_5: 0.3511 ± 0.3569 (range: [0.0013, 0.9454])
--- escala completa: 50 folds ---

================================================================================
Opción B: Late Fusion + CMA-ES Weight Optimization
================================================================================
Dataset: cptac_brca / Task: TP53_mutation
Models: ['ctranspath', 'uni_v2', 'conch_v1_5']
Folds: 0..49 (requested), 50 available
sigma0=0.5, popsize=auto, maxfevals=2000
================================================================================


============================================================
Fold 0
============================================================
  Train (in-sample): 75 samples
  Test: 22 samples
  Weights: ctranspath=0.9650, uni_v2=0.0258, conch_v1_5=0.0092
  CMA-ES evaluations: 70
  Train AUC (in-sample): 0.9833
  Test AUC: 0.6964, Acc: 0.7727, Prec: 0.7143, Rec: 0.6250, F1: 0.6667

============================================================
Fold 1
============================================================
  Train (in-sample): 76 samples
  Test: 23 samples
  Weights: ctranspath=0.4650, uni_v2=0.3498, conch_v1_5=0.1852
  CMA-ES evaluations: 238
  Train AUC (in-sample): 0.8925
  Test AUC: 0.8016, Acc: 0.4783, Prec: 0.4286, Rec: 1.0000, F1: 0.6000

============================================================
Fold 2
============================================================
  Train (in-sample): 76 samples
  Test: 20 samples
  Weights: ctranspath=0.0219, uni_v2=0.0327, conch_v1_5=0.9454
  CMA-ES evaluations: 63
  Train AUC (in-sample): 0.9677
  Test AUC: 0.7500, Acc: 0.7500, Prec: 0.6667, Rec: 0.7500, F1: 0.7059

============================================================
Fold 3
============================================================
  Train (in-sample): 76 samples
  Test: 20 samples
  Weights: ctranspath=0.8560, uni_v2=0.0878, conch_v1_5=0.0562
  CMA-ES evaluations: 105
  Train AUC (in-sample): 0.9808
  Test AUC: 0.8229, Acc: 0.7500, Prec: 0.6364, Rec: 0.8750, F1: 0.7368

============================================================
Fold 4
============================================================
  Train (in-sample): 77 samples
  Test: 20 samples
  Weights: ctranspath=0.0529, uni_v2=0.3799, conch_v1_5=0.5673
  CMA-ES evaluations: 154
  Train AUC (in-sample): 0.9368
  Test AUC: 0.7188, Acc: 0.8000, Prec: 0.7500, Rec: 0.7500, F1: 0.7500

============================================================
Fold 5
============================================================
  Train (in-sample): 76 samples
  Test: 21 samples
  Weights: ctranspath=0.0070, uni_v2=0.0027, conch_v1_5=0.9903
  CMA-ES evaluations: 70
  Train AUC (in-sample): 0.9688
  Test AUC: 0.8846, Acc: 0.8095, Prec: 0.7000, Rec: 0.8750, F1: 0.7778

============================================================
Fold 6
============================================================
  Train (in-sample): 74 samples
  Test: 22 samples
  Weights: ctranspath=0.0199, uni_v2=0.0014, conch_v1_5=0.9786
  CMA-ES evaluations: 84
  Train AUC (in-sample): 0.9856
  Test AUC: 0.7679, Acc: 0.6818, Prec: 0.5714, Rec: 0.5000, F1: 0.5333

============================================================
Fold 7
============================================================
  Train (in-sample): 78 samples
  Test: 21 samples
  Weights: ctranspath=0.0809, uni_v2=0.0252, conch_v1_5=0.8939
  CMA-ES evaluations: 63
  Train AUC (in-sample): 0.9552
  Test AUC: 0.8365, Acc: 0.7143, Prec: 0.6000, Rec: 0.7500, F1: 0.6667

============================================================
Fold 8
============================================================
  Train (in-sample): 77 samples
  Test: 21 samples
  Weights: ctranspath=0.1204, uni_v2=0.0764, conch_v1_5=0.8033
  CMA-ES evaluations: 35
  Train AUC (in-sample): 0.9972
  Test AUC: 0.8796, Acc: 0.7143, Prec: 0.6667, Rec: 0.6667, F1: 0.6667

============================================================
Fold 9
============================================================
  Train (in-sample): 77 samples
  Test: 21 samples
  Weights: ctranspath=0.0010, uni_v2=0.0004, conch_v1_5=0.9986
  CMA-ES evaluations: 77
  Train AUC (in-sample): 0.9375
  Test AUC: 0.8942, Acc: 0.8095, Prec: 0.7000, Rec: 0.8750, F1: 0.7778

============================================================
Fold 10
============================================================
  Train (in-sample): 75 samples
  Test: 21 samples
  Weights: ctranspath=0.0001, uni_v2=0.1644, conch_v1_5=0.8355
  CMA-ES evaluations: 266
  Train AUC (in-sample): 0.9743
  Test AUC: 0.7885, Acc: 0.8095, Prec: 0.7500, Rec: 0.7500, F1: 0.7500

============================================================
Fold 11
============================================================
  Train (in-sample): 74 samples
  Test: 23 samples
  Weights: ctranspath=0.0012, uni_v2=0.0184, conch_v1_5=0.9804
  CMA-ES evaluations: 105
  Train AUC (in-sample): 0.9816
  Test AUC: 0.7698, Acc: 0.6522, Prec: 0.5385, Rec: 0.7778, F1: 0.6364

============================================================
Fold 12
============================================================
  Train (in-sample): 76 samples
  Test: 20 samples
  Weights: ctranspath=0.0056, uni_v2=0.0002, conch_v1_5=0.9942
  CMA-ES evaluations: 56
  Train AUC (in-sample): 0.9577
  Test AUC: 0.7917, Acc: 0.7500, Prec: 0.6667, Rec: 0.7500, F1: 0.7059

============================================================
Fold 13
============================================================
  Train (in-sample): 75 samples
  Test: 20 samples
  Weights: ctranspath=0.0975, uni_v2=0.1095, conch_v1_5=0.7930
  CMA-ES evaluations: 63
  Train AUC (in-sample): 0.9949
  Test AUC: 0.7188, Acc: 0.7500, Prec: 0.8000, Rec: 0.5000, F1: 0.6154

============================================================
Fold 14
============================================================
  Train (in-sample): 77 samples
  Test: 21 samples
  Weights: ctranspath=0.0034, uni_v2=0.0003, conch_v1_5=0.9963
  CMA-ES evaluations: 91
  Train AUC (in-sample): 0.9628
  Test AUC: 0.6019, Acc: 0.5238, Prec: 0.4706, Rec: 0.8889, F1: 0.6154

============================================================
Fold 15
============================================================
  Train (in-sample): 76 samples
  Test: 22 samples
  Weights: ctranspath=0.1200, uni_v2=0.0003, conch_v1_5=0.8797
  CMA-ES evaluations: 322
  Train AUC (in-sample): 0.8925
  Test AUC: 0.7778, Acc: 0.7273, Prec: 0.6154, Rec: 0.8889, F1: 0.7273

============================================================
Fold 16
============================================================
  Train (in-sample): 77 samples
  Test: 22 samples
  Weights: ctranspath=0.6158, uni_v2=0.3838, conch_v1_5=0.0004
  CMA-ES evaluations: 175
  Train AUC (in-sample): 0.8997
  Test AUC: 0.7179, Acc: 0.3636, Prec: 0.3810, Rec: 0.8889, F1: 0.5333

============================================================
Fold 17
============================================================
  Train (in-sample): 75 samples
  Test: 21 samples
  Weights: ctranspath=0.0056, uni_v2=0.0842, conch_v1_5=0.9102
  CMA-ES evaluations: 112
  Train AUC (in-sample): 0.8948
  Test AUC: 0.8942, Acc: 0.7143, Prec: 0.5714, Rec: 1.0000, F1: 0.7273

============================================================
Fold 18
============================================================
  Train (in-sample): 75 samples
  Test: 21 samples
  Weights: ctranspath=0.0073, uni_v2=0.1152, conch_v1_5=0.8774
  CMA-ES evaluations: 469
  Train AUC (in-sample): 0.9319
  Test AUC: 0.8846, Acc: 0.7619, Prec: 0.6667, Rec: 0.7500, F1: 0.7059

============================================================
Fold 19
============================================================
  Train (in-sample): 73 samples
  Test: 23 samples
  Weights: ctranspath=0.0413, uni_v2=0.0380, conch_v1_5=0.9206
  CMA-ES evaluations: 56
  Train AUC (in-sample): 0.9945
  Test AUC: 0.8692, Acc: 0.8261, Prec: 0.8000, Rec: 0.8000, F1: 0.8000

============================================================
Fold 20
============================================================
  Train (in-sample): 76 samples
  Test: 21 samples
  Weights: ctranspath=0.0041, uni_v2=0.0160, conch_v1_5=0.9799
  CMA-ES evaluations: 70
  Train AUC (in-sample): 0.9908
  Test AUC: 0.7885, Acc: 0.6667, Prec: 0.6000, Rec: 0.3750, F1: 0.4615

============================================================
Fold 21
============================================================
  Train (in-sample): 75 samples
  Test: 24 samples
  Weights: ctranspath=0.0013, uni_v2=0.0002, conch_v1_5=0.9985
  CMA-ES evaluations: 84
  Train AUC (in-sample): 0.9472
  Test AUC: 0.8296, Acc: 0.7917, Prec: 0.7500, Rec: 0.6667, F1: 0.7059

============================================================
Fold 22
============================================================
  Train (in-sample): 74 samples
  Test: 23 samples
  Weights: ctranspath=0.0061, uni_v2=0.0300, conch_v1_5=0.9639
  CMA-ES evaluations: 49
  Train AUC (in-sample): 0.9730
  Test AUC: 0.5667, Acc: 0.5652, Prec: 0.4000, Rec: 0.5000, F1: 0.4444

============================================================
Fold 23
============================================================
  Train (in-sample): 75 samples
  Test: 22 samples
  Weights: ctranspath=0.0835, uni_v2=0.1419, conch_v1_5=0.7747
  CMA-ES evaluations: 63
  Train AUC (in-sample): 1.0000
  Test AUC: 0.7833, Acc: 0.6818, Prec: 0.6154, Rec: 0.8000, F1: 0.6957

============================================================
Fold 24
============================================================
  Train (in-sample): 76 samples
  Test: 22 samples
  Weights: ctranspath=0.0509, uni_v2=0.0117, conch_v1_5=0.9374
  CMA-ES evaluations: 105
  Train AUC (in-sample): 0.9226
  Test AUC: 0.8929, Acc: 0.7727, Prec: 0.6364, Rec: 0.8750, F1: 0.7368

============================================================
Fold 25
============================================================
  Train (in-sample): 77 samples
  Test: 21 samples
  Weights: ctranspath=0.1180, uni_v2=0.3573, conch_v1_5=0.5247
  CMA-ES evaluations: 574
  Train AUC (in-sample): 0.9109
  Test AUC: 0.6759, Acc: 0.7143, Prec: 0.6667, Rec: 0.6667, F1: 0.6667

============================================================
Fold 26
============================================================
  Train (in-sample): 77 samples
  Test: 22 samples
  Weights: ctranspath=0.0351, uni_v2=0.0364, conch_v1_5=0.9286
  CMA-ES evaluations: 56
  Train AUC (in-sample): 0.9653
  Test AUC: 0.7321, Acc: 0.6364, Prec: 0.5000, Rec: 0.6250, F1: 0.5556

============================================================
Fold 27
============================================================
  Train (in-sample): 77 samples
  Test: 21 samples
  Weights: ctranspath=0.0352, uni_v2=0.0711, conch_v1_5=0.8938
  CMA-ES evaluations: 266
  Train AUC (in-sample): 0.9320
  Test AUC: 0.8889, Acc: 0.8095, Prec: 0.8571, Rec: 0.6667, F1: 0.7500

============================================================
Fold 28
============================================================
  Train (in-sample): 79 samples
  Test: 20 samples
  Weights: ctranspath=0.0030, uni_v2=0.0089, conch_v1_5=0.9882
  CMA-ES evaluations: 77
  Train AUC (in-sample): 0.9601
  Test AUC: 0.9167, Acc: 0.6500, Prec: 0.5385, Rec: 0.8750, F1: 0.6667

============================================================
Fold 29
============================================================
  Train (in-sample): 77 samples
  Test: 22 samples
  Weights: ctranspath=0.0006, uni_v2=0.0096, conch_v1_5=0.9899
  CMA-ES evaluations: 56
  Train AUC (in-sample): 0.9825
  Test AUC: 0.8376, Acc: 0.7273, Prec: 0.7143, Rec: 0.5556, F1: 0.6250

============================================================
Fold 30
============================================================
  Train (in-sample): 75 samples
  Test: 21 samples
  Weights: ctranspath=0.0106, uni_v2=0.0165, conch_v1_5=0.9729
  CMA-ES evaluations: 63
  Train AUC (in-sample): 0.9531
  Test AUC: 0.9038, Acc: 0.9048, Prec: 0.8000, Rec: 1.0000, F1: 0.8889

============================================================
Fold 31
============================================================
  Train (in-sample): 77 samples
  Test: 21 samples
  Weights: ctranspath=0.0000, uni_v2=0.1734, conch_v1_5=0.8266
  CMA-ES evaluations: 308
  Train AUC (in-sample): 0.9165
  Test AUC: 0.9423, Acc: 0.8095, Prec: 0.7000, Rec: 0.8750, F1: 0.7778

============================================================
Fold 32
============================================================
  Train (in-sample): 77 samples
  Test: 21 samples
  Weights: ctranspath=0.0001, uni_v2=0.9560, conch_v1_5=0.0438
  CMA-ES evaluations: 210
  Train AUC (in-sample): 0.9425
  Test AUC: 0.6389, Acc: 0.4762, Prec: 0.4500, Rec: 1.0000, F1: 0.6207

============================================================
Fold 33
============================================================
  Train (in-sample): 74 samples
  Test: 23 samples
  Weights: ctranspath=0.0018, uni_v2=0.0066, conch_v1_5=0.9916
  CMA-ES evaluations: 126
  Train AUC (in-sample): 0.9697
  Test AUC: 0.8462, Acc: 0.7391, Prec: 0.6429, Rec: 0.9000, F1: 0.7500

============================================================
Fold 34
============================================================
  Train (in-sample): 75 samples
  Test: 23 samples
  Weights: ctranspath=0.0369, uni_v2=0.1331, conch_v1_5=0.8301
  CMA-ES evaluations: 119
  Train AUC (in-sample): 0.9889
  Test AUC: 0.7460, Acc: 0.7826, Prec: 0.8333, Rec: 0.5556, F1: 0.6667

============================================================
Fold 35
============================================================
  Train (in-sample): 75 samples
  Test: 22 samples
  Weights: ctranspath=0.0005, uni_v2=0.0003, conch_v1_5=0.9992
  CMA-ES evaluations: 49
  Train AUC (in-sample): 0.9868
  Test AUC: 0.8974, Acc: 0.7273, Prec: 0.6000, Rec: 1.0000, F1: 0.7500

============================================================
Fold 36
============================================================
  Train (in-sample): 78 samples
  Test: 20 samples
  Weights: ctranspath=0.0305, uni_v2=0.0163, conch_v1_5=0.9531
  CMA-ES evaluations: 63
  Train AUC (in-sample): 1.0000
  Test AUC: 0.7812, Acc: 0.8000, Prec: 0.7500, Rec: 0.7500, F1: 0.7500

============================================================
Fold 37
============================================================
  Train (in-sample): 75 samples
  Test: 22 samples
  Weights: ctranspath=0.3357, uni_v2=0.2502, conch_v1_5=0.4141
  CMA-ES evaluations: 182
  Train AUC (in-sample): 0.9216
  Test AUC: 0.7411, Acc: 0.6364, Prec: 0.5000, Rec: 0.6250, F1: 0.5556

============================================================
Fold 38
============================================================
  Train (in-sample): 76 samples
  Test: 22 samples
  Weights: ctranspath=0.4776, uni_v2=0.4763, conch_v1_5=0.0461
  CMA-ES evaluations: 287
  Train AUC (in-sample): 0.9039
  Test AUC: 0.8718, Acc: 0.8636, Prec: 0.8750, Rec: 0.7778, F1: 0.8235

============================================================
Fold 39
============================================================
  Train (in-sample): 75 samples
  Test: 22 samples
  Weights: ctranspath=0.0097, uni_v2=0.0349, conch_v1_5=0.9554
  CMA-ES evaluations: 49
  Train AUC (in-sample): 0.9883
  Test AUC: 0.8661, Acc: 0.7727, Prec: 0.7143, Rec: 0.6250, F1: 0.6667

============================================================
Fold 40
============================================================
  Train (in-sample): 77 samples
  Test: 20 samples
  Weights: ctranspath=0.0000, uni_v2=0.0000, conch_v1_5=1.0000
  CMA-ES evaluations: 112
  Train AUC (in-sample): 0.9590
  Test AUC: 0.8750, Acc: 0.8000, Prec: 0.7500, Rec: 0.7500, F1: 0.7500

============================================================
Fold 41
============================================================
  Train (in-sample): 74 samples
  Test: 22 samples
  Weights: ctranspath=0.0000, uni_v2=0.4240, conch_v1_5=0.5760
  CMA-ES evaluations: 252
  Train AUC (in-sample): 0.9432
  Test AUC: 0.6339, Acc: 0.7273, Prec: 0.6250, Rec: 0.6250, F1: 0.6250

============================================================
Fold 42
============================================================
  Train (in-sample): 76 samples
  Test: 20 samples
  Weights: ctranspath=0.0175, uni_v2=0.0112, conch_v1_5=0.9713
  CMA-ES evaluations: 70
  Train AUC (in-sample): 0.9706
  Test AUC: 0.7500, Acc: 0.7000, Prec: 0.5833, Rec: 0.8750, F1: 0.7000

============================================================
Fold 43
============================================================
  Train (in-sample): 77 samples
  Test: 21 samples
  Weights: ctranspath=0.0312, uni_v2=0.0193, conch_v1_5=0.9495
  CMA-ES evaluations: 84
  Train AUC (in-sample): 0.9750
  Test AUC: 0.7115, Acc: 0.6190, Prec: 0.5000, Rec: 0.6250, F1: 0.5556

============================================================
Fold 44
============================================================
  Train (in-sample): 78 samples
  Test: 20 samples
  Weights: ctranspath=0.0000, uni_v2=0.0000, conch_v1_5=1.0000
  CMA-ES evaluations: 84
  Train AUC (in-sample): 0.9732
  Test AUC: 0.9375, Acc: 0.7500, Prec: 0.6364, Rec: 0.8750, F1: 0.7368

============================================================
Fold 45
============================================================
  Train (in-sample): 75 samples
  Test: 22 samples
  Weights: ctranspath=0.0215, uni_v2=0.0083, conch_v1_5=0.9702
  CMA-ES evaluations: 63
  Train AUC (in-sample): 0.9778
  Test AUC: 0.7607, Acc: 0.7727, Prec: 0.6667, Rec: 0.8889, F1: 0.7619

============================================================
Fold 46
============================================================
  Train (in-sample): 77 samples
  Test: 21 samples
  Weights: ctranspath=0.0097, uni_v2=0.0021, conch_v1_5=0.9882
  CMA-ES evaluations: 84
  Train AUC (in-sample): 0.9769
  Test AUC: 0.7130, Acc: 0.6667, Prec: 0.5833, Rec: 0.7778, F1: 0.6667

============================================================
Fold 47
============================================================
  Train (in-sample): 75 samples
  Test: 24 samples
  Weights: ctranspath=0.2658, uni_v2=0.5285, conch_v1_5=0.2057
  CMA-ES evaluations: 210
  Train AUC (in-sample): 0.8895
  Test AUC: 0.8203, Acc: 0.7083, Prec: 0.5385, Rec: 0.8750, F1: 0.6667

============================================================
Fold 48
============================================================
  Train (in-sample): 76 samples
  Test: 22 samples
  Weights: ctranspath=0.0202, uni_v2=0.0634, conch_v1_5=0.9164
  CMA-ES evaluations: 105
  Train AUC (in-sample): 0.9601
  Test AUC: 0.9573, Acc: 0.8182, Prec: 0.7778, Rec: 0.7778, F1: 0.7778

============================================================
Fold 49
============================================================
  Train (in-sample): 77 samples
  Test: 22 samples
  Weights: ctranspath=0.0251, uni_v2=0.0023, conch_v1_5=0.9726
  CMA-ES evaluations: 210
  Train AUC (in-sample): 0.9632
  Test AUC: 0.7768, Acc: 0.6818, Prec: 0.5385, Rec: 0.8750, F1: 0.6667

================================================================================
✓ CMA-ES optimization complete (50 folds)
Results saved to: /home/JKP6679/Patho-Ensemble/PARADIS/datos/patches/cptac_brca/TP53_mutation/abmil/ensemble4_cmaes_ctranspath_uni_v2_conch_v1_5
================================================================================

Summary (Test):
  Mean AUC: 0.7990 ± 0.0905
  Min AUC: 0.5667
  Max AUC: 0.9573

Summary (Train in-sample):
  Mean AUC: 0.9567 ± 0.0316
  Mean overfitting: 0.1577

Weight Statistics:
  ctranspath: 0.1024 ± 0.2111 (range: [0.0000, 0.9650])
  uni_v2: 0.1140 ± 0.1851 (range: [0.0000, 0.9560])
  conch_v1_5: 0.7836 ± 0.3131 (range: [0.0004, 1.0000])
✓ ctranspath uni_v2 conch_v1_5 completado

============================================================================
Modelos: ctranspath virchow_v1 conch_v1_5
============================================================================
--- piloto: 5 folds ---

================================================================================
Opción B: Late Fusion + CMA-ES Weight Optimization
================================================================================
Dataset: cptac_brca / Task: TP53_mutation
Models: ['ctranspath', 'virchow_v1', 'conch_v1_5']
Folds: 0..4 (requested), 50 available
sigma0=0.5, popsize=auto, maxfevals=2000
================================================================================


============================================================
Fold 0
============================================================
  Train (in-sample): 75 samples
  Test: 22 samples
  Weights: ctranspath=0.9520, virchow_v1=0.0271, conch_v1_5=0.0209
  CMA-ES evaluations: 84
  Train AUC (in-sample): 0.9833
  Test AUC: 0.6964, Acc: 0.7727, Prec: 0.7143, Rec: 0.6250, F1: 0.6667

============================================================
Fold 1
============================================================
  Train (in-sample): 76 samples
  Test: 23 samples
  Weights: ctranspath=0.8520, virchow_v1=0.1030, conch_v1_5=0.0450
  CMA-ES evaluations: 140
  Train AUC (in-sample): 0.8853
  Test AUC: 0.8651, Acc: 0.5652, Prec: 0.4737, Rec: 1.0000, F1: 0.6429

============================================================
Fold 2
============================================================
  Train (in-sample): 76 samples
  Test: 20 samples
  Weights: ctranspath=0.1189, virchow_v1=0.0194, conch_v1_5=0.8616
  CMA-ES evaluations: 238
  Train AUC (in-sample): 0.9685
  Test AUC: 0.7500, Acc: 0.7500, Prec: 0.6667, Rec: 0.7500, F1: 0.7059

============================================================
Fold 3
============================================================
  Train (in-sample): 76 samples
  Test: 20 samples
  Weights: ctranspath=0.8186, virchow_v1=0.0638, conch_v1_5=0.1176
  CMA-ES evaluations: 147
  Train AUC (in-sample): 0.9808
  Test AUC: 0.8021, Acc: 0.7500, Prec: 0.6364, Rec: 0.8750, F1: 0.7368

============================================================
Fold 4
============================================================
  Train (in-sample): 77 samples
  Test: 20 samples
  Weights: ctranspath=0.0033, virchow_v1=0.0109, conch_v1_5=0.9859
  CMA-ES evaluations: 56
  Train AUC (in-sample): 0.9340
  Test AUC: 0.6771, Acc: 0.7000, Prec: 0.6000, Rec: 0.7500, F1: 0.6667

================================================================================
✓ CMA-ES optimization complete (5 folds)
Results saved to: /home/JKP6679/Patho-Ensemble/PARADIS/datos/patches/cptac_brca/TP53_mutation/abmil/ensemble4_cmaes_ctranspath_virchow_v1_conch_v1_5
================================================================================

Summary (Test):
  Mean AUC: 0.7581 ± 0.0690
  Min AUC: 0.6771
  Max AUC: 0.8651

Summary (Train in-sample):
  Mean AUC: 0.9504 ± 0.0370
  Mean overfitting: 0.1922

Weight Statistics:
  ctranspath: 0.5490 ± 0.4024 (range: [0.0033, 0.9520])
  virchow_v1: 0.0448 ± 0.0342 (range: [0.0109, 0.1030])
  conch_v1_5: 0.4062 ± 0.4256 (range: [0.0209, 0.9859])
--- escala completa: 50 folds ---

================================================================================
Opción B: Late Fusion + CMA-ES Weight Optimization
================================================================================
Dataset: cptac_brca / Task: TP53_mutation
Models: ['ctranspath', 'virchow_v1', 'conch_v1_5']
Folds: 0..49 (requested), 50 available
sigma0=0.5, popsize=auto, maxfevals=2000
================================================================================


============================================================
Fold 0
============================================================
  Train (in-sample): 75 samples
  Test: 22 samples
  Weights: ctranspath=0.9935, virchow_v1=0.0011, conch_v1_5=0.0055
  CMA-ES evaluations: 84
  Train AUC (in-sample): 0.9833
  Test AUC: 0.6964, Acc: 0.7727, Prec: 0.7143, Rec: 0.6250, F1: 0.6667

============================================================
Fold 1
============================================================
  Train (in-sample): 76 samples
  Test: 23 samples
  Weights: ctranspath=0.8520, virchow_v1=0.1030, conch_v1_5=0.0450
  CMA-ES evaluations: 140
  Train AUC (in-sample): 0.8853
  Test AUC: 0.8651, Acc: 0.5652, Prec: 0.4737, Rec: 1.0000, F1: 0.6429

============================================================
Fold 2
============================================================
  Train (in-sample): 76 samples
  Test: 20 samples
  Weights: ctranspath=0.1189, virchow_v1=0.0194, conch_v1_5=0.8616
  CMA-ES evaluations: 238
  Train AUC (in-sample): 0.9685
  Test AUC: 0.7500, Acc: 0.7500, Prec: 0.6667, Rec: 0.7500, F1: 0.7059

============================================================
Fold 3
============================================================
  Train (in-sample): 76 samples
  Test: 20 samples
  Weights: ctranspath=0.8186, virchow_v1=0.0638, conch_v1_5=0.1176
  CMA-ES evaluations: 147
  Train AUC (in-sample): 0.9808
  Test AUC: 0.8021, Acc: 0.7500, Prec: 0.6364, Rec: 0.8750, F1: 0.7368

============================================================
Fold 4
============================================================
  Train (in-sample): 77 samples
  Test: 20 samples
  Weights: ctranspath=0.0033, virchow_v1=0.0109, conch_v1_5=0.9859
  CMA-ES evaluations: 56
  Train AUC (in-sample): 0.9340
  Test AUC: 0.6771, Acc: 0.7000, Prec: 0.6000, Rec: 0.7500, F1: 0.6667

============================================================
Fold 5
============================================================
  Train (in-sample): 76 samples
  Test: 21 samples
  Weights: ctranspath=0.0050, virchow_v1=0.0042, conch_v1_5=0.9908
  CMA-ES evaluations: 70
  Train AUC (in-sample): 0.9688
  Test AUC: 0.8846, Acc: 0.8095, Prec: 0.7000, Rec: 0.8750, F1: 0.7778

============================================================
Fold 6
============================================================
  Train (in-sample): 74 samples
  Test: 22 samples
  Weights: ctranspath=0.0011, virchow_v1=0.1412, conch_v1_5=0.8577
  CMA-ES evaluations: 161
  Train AUC (in-sample): 0.9864
  Test AUC: 0.7589, Acc: 0.7273, Prec: 0.6250, Rec: 0.6250, F1: 0.6250

============================================================
Fold 7
============================================================
  Train (in-sample): 78 samples
  Test: 21 samples
  Weights: ctranspath=0.3443, virchow_v1=0.0000, conch_v1_5=0.6557
  CMA-ES evaluations: 98
  Train AUC (in-sample): 0.9558
  Test AUC: 0.7981, Acc: 0.7143, Prec: 0.6000, Rec: 0.7500, F1: 0.6667

============================================================
Fold 8
============================================================
  Train (in-sample): 77 samples
  Test: 21 samples
  Weights: ctranspath=0.1204, virchow_v1=0.0764, conch_v1_5=0.8033
  CMA-ES evaluations: 35
  Train AUC (in-sample): 0.9972
  Test AUC: 0.8796, Acc: 0.7143, Prec: 0.6667, Rec: 0.6667, F1: 0.6667

============================================================
Fold 9
============================================================
  Train (in-sample): 77 samples
  Test: 21 samples
  Weights: ctranspath=0.0010, virchow_v1=0.0004, conch_v1_5=0.9986
  CMA-ES evaluations: 77
  Train AUC (in-sample): 0.9375
  Test AUC: 0.8942, Acc: 0.8095, Prec: 0.7000, Rec: 0.8750, F1: 0.7778

============================================================
Fold 10
============================================================
  Train (in-sample): 75 samples
  Test: 21 samples
  Weights: ctranspath=0.0087, virchow_v1=0.3314, conch_v1_5=0.6599
  CMA-ES evaluations: 98
  Train AUC (in-sample): 0.9736
  Test AUC: 0.7981, Acc: 0.8095, Prec: 0.7500, Rec: 0.7500, F1: 0.7500

============================================================
Fold 11
============================================================
  Train (in-sample): 74 samples
  Test: 23 samples
  Weights: ctranspath=0.0005, virchow_v1=0.0512, conch_v1_5=0.9483
  CMA-ES evaluations: 56
  Train AUC (in-sample): 0.9816
  Test AUC: 0.7698, Acc: 0.6522, Prec: 0.5385, Rec: 0.7778, F1: 0.6364

============================================================
Fold 12
============================================================
  Train (in-sample): 76 samples
  Test: 20 samples
  Weights: ctranspath=0.0184, virchow_v1=0.0001, conch_v1_5=0.9815
  CMA-ES evaluations: 126
  Train AUC (in-sample): 0.9577
  Test AUC: 0.7917, Acc: 0.7500, Prec: 0.6667, Rec: 0.7500, F1: 0.7059

============================================================
Fold 13
============================================================
  Train (in-sample): 75 samples
  Test: 20 samples
  Weights: ctranspath=0.0975, virchow_v1=0.1095, conch_v1_5=0.7930
  CMA-ES evaluations: 77
  Train AUC (in-sample): 0.9949
  Test AUC: 0.6979, Acc: 0.7500, Prec: 0.8000, Rec: 0.5000, F1: 0.6154

============================================================
Fold 14
============================================================
  Train (in-sample): 77 samples
  Test: 21 samples
  Weights: ctranspath=0.0081, virchow_v1=0.0094, conch_v1_5=0.9825
  CMA-ES evaluations: 91
  Train AUC (in-sample): 0.9628
  Test AUC: 0.5926, Acc: 0.5238, Prec: 0.4706, Rec: 0.8889, F1: 0.6154

============================================================
Fold 15
============================================================
  Train (in-sample): 76 samples
  Test: 22 samples
  Weights: ctranspath=0.1178, virchow_v1=0.0004, conch_v1_5=0.8818
  CMA-ES evaluations: 322
  Train AUC (in-sample): 0.8925
  Test AUC: 0.7778, Acc: 0.6818, Prec: 0.5714, Rec: 0.8889, F1: 0.6957

============================================================
Fold 16
============================================================
  Train (in-sample): 77 samples
  Test: 22 samples
  Weights: ctranspath=0.5629, virchow_v1=0.4306, conch_v1_5=0.0065
  CMA-ES evaluations: 329
  Train AUC (in-sample): 0.8857
  Test AUC: 0.7521, Acc: 0.3636, Prec: 0.3810, Rec: 0.8889, F1: 0.5333

============================================================
Fold 17
============================================================
  Train (in-sample): 75 samples
  Test: 21 samples
  Weights: ctranspath=0.0091, virchow_v1=0.0002, conch_v1_5=0.9907
  CMA-ES evaluations: 140
  Train AUC (in-sample): 0.8941
  Test AUC: 0.8846, Acc: 0.7143, Prec: 0.5714, Rec: 1.0000, F1: 0.7273

============================================================
Fold 18
============================================================
  Train (in-sample): 75 samples
  Test: 21 samples
  Weights: ctranspath=0.0162, virchow_v1=0.0425, conch_v1_5=0.9414
  CMA-ES evaluations: 196
  Train AUC (in-sample): 0.9296
  Test AUC: 0.8846, Acc: 0.7619, Prec: 0.6667, Rec: 0.7500, F1: 0.7059

============================================================
Fold 19
============================================================
  Train (in-sample): 73 samples
  Test: 23 samples
  Weights: ctranspath=0.0231, virchow_v1=0.0425, conch_v1_5=0.9344
  CMA-ES evaluations: 42
  Train AUC (in-sample): 0.9945
  Test AUC: 0.8692, Acc: 0.8261, Prec: 0.8000, Rec: 0.8000, F1: 0.8000

============================================================
Fold 20
============================================================
  Train (in-sample): 76 samples
  Test: 21 samples
  Weights: ctranspath=0.0019, virchow_v1=0.0019, conch_v1_5=0.9963
  CMA-ES evaluations: 70
  Train AUC (in-sample): 0.9908
  Test AUC: 0.7788, Acc: 0.6667, Prec: 0.6000, Rec: 0.3750, F1: 0.4615

============================================================
Fold 21
============================================================
  Train (in-sample): 75 samples
  Test: 24 samples
  Weights: ctranspath=0.0000, virchow_v1=0.0004, conch_v1_5=0.9996
  CMA-ES evaluations: 77
  Train AUC (in-sample): 0.9472
  Test AUC: 0.8296, Acc: 0.7917, Prec: 0.7500, Rec: 0.6667, F1: 0.7059

============================================================
Fold 22
============================================================
  Train (in-sample): 74 samples
  Test: 23 samples
  Weights: ctranspath=0.0061, virchow_v1=0.0300, conch_v1_5=0.9639
  CMA-ES evaluations: 63
  Train AUC (in-sample): 0.9730
  Test AUC: 0.5667, Acc: 0.5652, Prec: 0.4000, Rec: 0.5000, F1: 0.4444

============================================================
Fold 23
============================================================
  Train (in-sample): 75 samples
  Test: 22 samples
  Weights: ctranspath=0.1838, virchow_v1=0.1453, conch_v1_5=0.6709
  CMA-ES evaluations: 35
  Train AUC (in-sample): 1.0000
  Test AUC: 0.8000, Acc: 0.6818, Prec: 0.6154, Rec: 0.8000, F1: 0.6957

============================================================
Fold 24
============================================================
  Train (in-sample): 76 samples
  Test: 22 samples
  Weights: ctranspath=0.0001, virchow_v1=0.6161, conch_v1_5=0.3838
  CMA-ES evaluations: 504
  Train AUC (in-sample): 0.9333
  Test AUC: 0.9196, Acc: 0.5000, Prec: 0.4211, Rec: 1.0000, F1: 0.5926

============================================================
Fold 25
============================================================
  Train (in-sample): 77 samples
  Test: 21 samples
  Weights: ctranspath=0.2764, virchow_v1=0.3062, conch_v1_5=0.4174
  CMA-ES evaluations: 238
  Train AUC (in-sample): 0.9081
  Test AUC: 0.6574, Acc: 0.7143, Prec: 0.6667, Rec: 0.6667, F1: 0.6667

============================================================
Fold 26
============================================================
  Train (in-sample): 77 samples
  Test: 22 samples
  Weights: ctranspath=0.0085, virchow_v1=0.0152, conch_v1_5=0.9764
  CMA-ES evaluations: 56
  Train AUC (in-sample): 0.9653
  Test AUC: 0.7321, Acc: 0.6364, Prec: 0.5000, Rec: 0.6250, F1: 0.5556

============================================================
Fold 27
============================================================
  Train (in-sample): 77 samples
  Test: 21 samples
  Weights: ctranspath=0.0044, virchow_v1=0.0146, conch_v1_5=0.9811
  CMA-ES evaluations: 119
  Train AUC (in-sample): 0.9313
  Test AUC: 0.8796, Acc: 0.8095, Prec: 0.8571, Rec: 0.6667, F1: 0.7500

============================================================
Fold 28
============================================================
  Train (in-sample): 79 samples
  Test: 20 samples
  Weights: ctranspath=0.0043, virchow_v1=0.0022, conch_v1_5=0.9935
  CMA-ES evaluations: 49
  Train AUC (in-sample): 0.9601
  Test AUC: 0.9167, Acc: 0.6500, Prec: 0.5385, Rec: 0.8750, F1: 0.6667

============================================================
Fold 29
============================================================
  Train (in-sample): 77 samples
  Test: 22 samples
  Weights: ctranspath=0.0009, virchow_v1=0.0102, conch_v1_5=0.9889
  CMA-ES evaluations: 56
  Train AUC (in-sample): 0.9825
  Test AUC: 0.8376, Acc: 0.7273, Prec: 0.7143, Rec: 0.5556, F1: 0.6250

============================================================
Fold 30
============================================================
  Train (in-sample): 75 samples
  Test: 21 samples
  Weights: ctranspath=0.0228, virchow_v1=0.0413, conch_v1_5=0.9359
  CMA-ES evaluations: 56
  Train AUC (in-sample): 0.9531
  Test AUC: 0.9038, Acc: 0.9048, Prec: 0.8000, Rec: 1.0000, F1: 0.8889

============================================================
Fold 31
============================================================
  Train (in-sample): 77 samples
  Test: 21 samples
  Weights: ctranspath=0.0009, virchow_v1=0.0022, conch_v1_5=0.9969
  CMA-ES evaluations: 91
  Train AUC (in-sample): 0.9116
  Test AUC: 0.9423, Acc: 0.7143, Prec: 0.5833, Rec: 0.8750, F1: 0.7000

============================================================
Fold 32
============================================================
  Train (in-sample): 77 samples
  Test: 21 samples
  Weights: ctranspath=0.0460, virchow_v1=0.4375, conch_v1_5=0.5165
  CMA-ES evaluations: 322
  Train AUC (in-sample): 0.9173
  Test AUC: 0.6481, Acc: 0.5714, Prec: 0.5000, Rec: 0.8889, F1: 0.6400

============================================================
Fold 33
============================================================
  Train (in-sample): 74 samples
  Test: 23 samples
  Weights: ctranspath=0.0091, virchow_v1=0.0600, conch_v1_5=0.9310
  CMA-ES evaluations: 140
  Train AUC (in-sample): 0.9705
  Test AUC: 0.8462, Acc: 0.7391, Prec: 0.6429, Rec: 0.9000, F1: 0.7500

============================================================
Fold 34
============================================================
  Train (in-sample): 75 samples
  Test: 23 samples
  Weights: ctranspath=0.0091, virchow_v1=0.4078, conch_v1_5=0.5831
  CMA-ES evaluations: 210
  Train AUC (in-sample): 0.9904
  Test AUC: 0.7619, Acc: 0.7391, Prec: 0.7143, Rec: 0.5556, F1: 0.6250

============================================================
Fold 35
============================================================
  Train (in-sample): 75 samples
  Test: 22 samples
  Weights: ctranspath=0.0001, virchow_v1=0.0024, conch_v1_5=0.9975
  CMA-ES evaluations: 133
  Train AUC (in-sample): 0.9868
  Test AUC: 0.8974, Acc: 0.6818, Prec: 0.5625, Rec: 1.0000, F1: 0.7200

============================================================
Fold 36
============================================================
  Train (in-sample): 78 samples
  Test: 20 samples
  Weights: ctranspath=0.0140, virchow_v1=0.0009, conch_v1_5=0.9851
  CMA-ES evaluations: 63
  Train AUC (in-sample): 1.0000
  Test AUC: 0.7812, Acc: 0.8000, Prec: 0.7500, Rec: 0.7500, F1: 0.7500

============================================================
Fold 37
============================================================
  Train (in-sample): 75 samples
  Test: 22 samples
  Weights: ctranspath=0.4779, virchow_v1=0.3764, conch_v1_5=0.1457
  CMA-ES evaluations: 224
  Train AUC (in-sample): 0.9208
  Test AUC: 0.7500, Acc: 0.7273, Prec: 0.6000, Rec: 0.7500, F1: 0.6667

============================================================
Fold 38
============================================================
  Train (in-sample): 76 samples
  Test: 22 samples
  Weights: ctranspath=0.2875, virchow_v1=0.1946, conch_v1_5=0.5179
  CMA-ES evaluations: 287
  Train AUC (in-sample): 0.8918
  Test AUC: 0.8803, Acc: 0.6818, Prec: 1.0000, Rec: 0.2222, F1: 0.3636

============================================================
Fold 39
============================================================
  Train (in-sample): 75 samples
  Test: 22 samples
  Weights: ctranspath=0.3158, virchow_v1=0.2640, conch_v1_5=0.4201
  CMA-ES evaluations: 133
  Train AUC (in-sample): 0.9890
  Test AUC: 0.8482, Acc: 0.7727, Prec: 0.7143, Rec: 0.6250, F1: 0.6667

============================================================
Fold 40
============================================================
  Train (in-sample): 77 samples
  Test: 20 samples
  Weights: ctranspath=0.0033, virchow_v1=0.0579, conch_v1_5=0.9388
  CMA-ES evaluations: 112
  Train AUC (in-sample): 0.9597
  Test AUC: 0.8646, Acc: 0.8000, Prec: 0.7500, Rec: 0.7500, F1: 0.7500

============================================================
Fold 41
============================================================
  Train (in-sample): 74 samples
  Test: 22 samples
  Weights: ctranspath=0.0230, virchow_v1=0.3852, conch_v1_5=0.5919
  CMA-ES evaluations: 189
  Train AUC (in-sample): 0.9356
  Test AUC: 0.6875, Acc: 0.6364, Prec: 0.5000, Rec: 0.6250, F1: 0.5556

============================================================
Fold 42
============================================================
  Train (in-sample): 76 samples
  Test: 20 samples
  Weights: ctranspath=0.0056, virchow_v1=0.0143, conch_v1_5=0.9802
  CMA-ES evaluations: 77
  Train AUC (in-sample): 0.9713
  Test AUC: 0.7396, Acc: 0.7000, Prec: 0.5833, Rec: 0.8750, F1: 0.7000

============================================================
Fold 43
============================================================
  Train (in-sample): 77 samples
  Test: 21 samples
  Weights: ctranspath=0.0001, virchow_v1=0.0014, conch_v1_5=0.9984
  CMA-ES evaluations: 91
  Train AUC (in-sample): 0.9743
  Test AUC: 0.7115, Acc: 0.6190, Prec: 0.5000, Rec: 0.6250, F1: 0.5556

============================================================
Fold 44
============================================================
  Train (in-sample): 78 samples
  Test: 20 samples
  Weights: ctranspath=0.0000, virchow_v1=0.0000, conch_v1_5=1.0000
  CMA-ES evaluations: 84
  Train AUC (in-sample): 0.9732
  Test AUC: 0.9375, Acc: 0.7500, Prec: 0.6364, Rec: 0.8750, F1: 0.7368

============================================================
Fold 45
============================================================
  Train (in-sample): 75 samples
  Test: 22 samples
  Weights: ctranspath=0.0232, virchow_v1=0.0034, conch_v1_5=0.9733
  CMA-ES evaluations: 98
  Train AUC (in-sample): 0.9778
  Test AUC: 0.7607, Acc: 0.7727, Prec: 0.6667, Rec: 0.8889, F1: 0.7619

============================================================
Fold 46
============================================================
  Train (in-sample): 77 samples
  Test: 21 samples
  Weights: ctranspath=0.0060, virchow_v1=0.0018, conch_v1_5=0.9922
  CMA-ES evaluations: 84
  Train AUC (in-sample): 0.9769
  Test AUC: 0.7130, Acc: 0.6667, Prec: 0.5833, Rec: 0.7778, F1: 0.6667

============================================================
Fold 47
============================================================
  Train (in-sample): 75 samples
  Test: 24 samples
  Weights: ctranspath=0.2866, virchow_v1=0.4183, conch_v1_5=0.2951
  CMA-ES evaluations: 161
  Train AUC (in-sample): 0.8881
  Test AUC: 0.7891, Acc: 0.5833, Prec: 0.4375, Rec: 0.8750, F1: 0.5833

============================================================
Fold 48
============================================================
  Train (in-sample): 76 samples
  Test: 22 samples
  Weights: ctranspath=0.0004, virchow_v1=0.0085, conch_v1_5=0.9911
  CMA-ES evaluations: 203
  Train AUC (in-sample): 0.9594
  Test AUC: 0.9573, Acc: 0.8636, Prec: 0.8000, Rec: 0.8889, F1: 0.8421

============================================================
Fold 49
============================================================
  Train (in-sample): 77 samples
  Test: 22 samples
  Weights: ctranspath=0.0351, virchow_v1=0.0146, conch_v1_5=0.9503
  CMA-ES evaluations: 147
  Train AUC (in-sample): 0.9632
  Test AUC: 0.7857, Acc: 0.6818, Prec: 0.5385, Rec: 0.8750, F1: 0.6667

================================================================================
✓ CMA-ES optimization complete (50 folds)
Results saved to: /home/JKP6679/Patho-Ensemble/PARADIS/datos/patches/cptac_brca/TP53_mutation/abmil/ensemble4_cmaes_ctranspath_virchow_v1_conch_v1_5
================================================================================

Summary (Test):
  Mean AUC: 0.7990 ± 0.0905
  Min AUC: 0.5667
  Max AUC: 0.9573

Summary (Train in-sample):
  Mean AUC: 0.9553 ± 0.0336
  Mean overfitting: 0.1564

Weight Statistics:
  ctranspath: 0.1235 ± 0.2332 (range: [0.0000, 0.9935])
  virchow_v1: 0.1055 ± 0.1571 (range: [0.0000, 0.6161])
  conch_v1_5: 0.7711 ± 0.3047 (range: [0.0055, 1.0000])
✓ ctranspath virchow_v1 conch_v1_5 completado

============================================================================
Comparación pareada: CMA-ES vs Nelder-Mead vs LogReg
============================================================================

================================================================================
Trío ganador (ctranspath+uni+v2+conch+v1+5)
================================================================================
cargados: cmaes=50, nelder_mead=50, logreg=50 folds

cmaes vs logreg  (n=50 folds comunes)
  cmaes: 0.7990   logreg: 0.7986
  Δ = +0.0004  IC95%=[-0.0048,+0.0051]  W/T/L=18/14/18  p=0.8561

cmaes vs nelder_mead  (n=50 folds comunes)
  cmaes: 0.7990   nelder_mead: 0.7978
  Δ = +0.0012  IC95%=[-0.0021,+0.0046]  W/T/L=15/26/9  p=0.3805

nelder_mead vs logreg  (n=50 folds comunes)
  nelder_mead: 0.7978   logreg: 0.7986
  Δ = -0.0009  IC95%=[-0.0059,+0.0039]  W/T/L=18/10/22  p=0.6213

================================================================================
Trío historico (ctranspath+virchow+v1+conch+v1+5)
================================================================================
cargados: cmaes=50, nelder_mead=50, logreg=50 folds

cmaes vs logreg  (n=50 folds comunes)
  cmaes: 0.7990   logreg: 0.7969
  Δ = +0.0021  IC95%=[-0.0023,+0.0059]  W/T/L=25/9/16  p=0.4799

cmaes vs nelder_mead  (n=50 folds comunes)
  cmaes: 0.7990   nelder_mead: 0.8020
  Δ = -0.0031  IC95%=[-0.0077,+0.0009]  W/T/L=10/26/14  p=0.1984

nelder_mead vs logreg  (n=50 folds comunes)
  nelder_mead: 0.8020   logreg: 0.7969
  Δ = +0.0052  IC95%=[+0.0004,+0.0101]  W/T/L=26/11/13  p=0.0872

================================================================================
✓ Resultados guardados en results_opcion_b_cmaes.json
================================================================================

============================================================================
TODO COMPLETADO — Sun Sep 20 20:28:08 CEST 2026
============================================================================
