==========================================================================================
ANÁLISIS: Feature Engineering Ladder (Idea 1)
Dataset: cptac_brca, Task: TP53_mutation
==========================================================================================

✓ Baseline logreg                     | n_folds=50 | AUC=0.7655 [0.7354, 0.7916]
✓ L1 C:0.01                           | n_folds=50 | AUC=0.5000 [0.5000, 0.5000]
✓ L1 C:0.1                            | n_folds=50 | AUC=0.7574 [0.7238, 0.7874]
✓ L1 C:1.0                            | n_folds=50 | AUC=0.7679 [0.7383, 0.7939]
✓ L1 C:10.0                           | n_folds=50 | AUC=0.7718 [0.7431, 0.7971]
✓ ElasticNet l1_ratio:0.2             | n_folds=50 | AUC=0.7667 [0.7370, 0.7929]
✓ ElasticNet l1_ratio:0.5             | n_folds=50 | AUC=0.7666 [0.7364, 0.7929]
✓ ElasticNet l1_ratio:0.8             | n_folds=50 | AUC=0.7671 [0.7371, 0.7934]

==========================================================================================
COMPARACIONES PAREADAS vs BASELINE
==========================================================================================
Baseline: Baseline logreg

Comparison                          |    Δ AUC |                    95% CI |    p-value |     Adj. p | Sig
--------------------------------------------------------------------------------------------------------------
L1 C:0.01                           | -0.265467 |        [-0.2916, -0.2354] |   0.000000 |   0.000000 |  **
L1 C:0.1                            | -0.008107 |         [-0.0261, 0.0061] |   0.344000 |   1.000000 |    
L1 C:1.0                            | +0.002447 |         [-0.0030, 0.0080] |   0.390361 |   1.000000 |    
L1 C:10.0                           | +0.006293 |         [-0.0007, 0.0144] |   0.108249 |   0.649494 |    
ElasticNet l1_ratio:0.2             | +0.001242 |         [-0.0007, 0.0031] |   0.220693 |   1.000000 |    
ElasticNet l1_ratio:0.5             | +0.001145 |         [-0.0019, 0.0046] |   0.479494 |   0.479494 |    
ElasticNet l1_ratio:0.8             | +0.001605 |         [-0.0023, 0.0058] |   0.456045 |   0.912089 |    

==========================================================================================
INTERPRETACIÓN
==========================================================================================
✓ 1 escalón(es) significativamente distinto(s) del baseline (α=0.05):
  - L1 C:0.01: Δ=-0.265467 (empeora)

💾 Resultados guardados en: /home/JKP6679/Patho-Ensemble/results_meta_view_selection_hist_cptac_brca_TP53_mutation.json

==========================================================================================
ANÁLISIS: Feature Engineering Ladder (Idea 1)
Dataset: cptac_brca, Task: TP53_mutation
==========================================================================================

✓ Baseline logreg                     | n_folds=50 | AUC=0.7980 [0.7711, 0.8221]
✓ L1 C:0.01                           | n_folds=50 | AUC=0.5289 [0.5058, 0.5552]
✓ L1 C:0.1                            | n_folds=50 | AUC=0.7911 [0.7614, 0.8184]
✓ L1 C:1.0                            | n_folds=50 | AUC=0.7975 [0.7713, 0.8229]
✓ L1 C:10.0                           | n_folds=50 | AUC=0.7932 [0.7666, 0.8181]
✓ ElasticNet l1_ratio:0.2             | n_folds=50 | AUC=0.7980 [0.7711, 0.8229]
✓ ElasticNet l1_ratio:0.5             | n_folds=50 | AUC=0.7984 [0.7722, 0.8232]
✓ ElasticNet l1_ratio:0.8             | n_folds=50 | AUC=0.7978 [0.7721, 0.8226]

==========================================================================================
COMPARACIONES PAREADAS vs BASELINE
==========================================================================================
Baseline: Baseline logreg

Comparison                          |    Δ AUC |                    95% CI |    p-value |     Adj. p | Sig
--------------------------------------------------------------------------------------------------------------
L1 C:0.01                           | -0.269152 |        [-0.3031, -0.2322] |   0.000000 |   0.000000 |  **
L1 C:0.1                            | -0.006947 |         [-0.0200, 0.0016] |   0.192842 |   0.964209 |    
L1 C:1.0                            | -0.000470 |         [-0.0049, 0.0030] |   0.815366 |   1.000000 |    
L1 C:10.0                           | -0.004787 |         [-0.0108, 0.0007] |   0.117354 |   0.704125 |    
ElasticNet l1_ratio:0.2             | +0.000009 |         [-0.0014, 0.0015] |   0.990858 |   0.990858 |    
ElasticNet l1_ratio:0.5             | +0.000379 |         [-0.0017, 0.0027] |   0.743061 |   1.000000 |    
ElasticNet l1_ratio:0.8             | -0.000166 |         [-0.0027, 0.0026] |   0.904276 |   1.000000 |    

==========================================================================================
INTERPRETACIÓN
==========================================================================================
✓ 1 escalón(es) significativamente distinto(s) del baseline (α=0.05):
  - L1 C:0.01: Δ=-0.269152 (empeora)

💾 Resultados guardados en: /home/JKP6679/Patho-Ensemble/results_meta_view_selection_win_cptac_brca_TP53_mutation.json

