==============================================================================
 Etapa 2 — ctranspath / smooth (K=2) sobre cptac_brca/TP53_mutation
 job 70005 en gpu02
==============================================================================
NVIDIA A30

==============================================================================
 A. INERCIA DEL MOTOR (bloqueante)
==============================================================================
  latent_dim auto-detectado: 768  (de features_ctranspath_monai)
Cargando features de /home/JKP6679/Patho-Ensemble/PARADIS/datos/features/cptac_brca/features_ctranspath_monai...

  folds comparados: 50  (omitidos 0)
  discrepancias   : 0

  MOTOR INERTE — preds.npy bit-idéntico en todos los folds comparados

==============================================================================
 B. BRAZO ESPACIAL: --arch smooth --arch_tag gnn
==============================================================================
  latent_dim auto-detectado: 768  (de features_ctranspath_monai)

============================================================
ABMIL Training: ctranspath
  Dataset: cptac_brca/TP53_mutation
  Latent dim: 768, Num classes: 2
  Epochs: 100, Fold: all
  Arch: smooth (K=2), tag: gnn, grafo: lattice, shuffle: False
============================================================

Cargando features de /home/JKP6679/Patho-Ensemble/PARADIS/datos/features/cptac_brca/features_ctranspath_monai...

Fold 0: train=75, val=15, test=22
Fold 0: ABMIL entrenado (val_auc=1.0000)
Cargando features de /home/JKP6679/Patho-Ensemble/PARADIS/datos/features/cptac_brca/features_ctranspath_monai...

Fold 1: train=76, val=13, test=23
Fold 1: ABMIL entrenado (val_auc=0.9792)
Cargando features de /home/JKP6679/Patho-Ensemble/PARADIS/datos/features/cptac_brca/features_ctranspath_monai...

Fold 2: train=76, val=16, test=20
Fold 2: ABMIL entrenado (val_auc=0.7143)
Cargando features de /home/JKP6679/Patho-Ensemble/PARADIS/datos/features/cptac_brca/features_ctranspath_monai...

Fold 3: train=76, val=16, test=20
Fold 3: ABMIL entrenado (val_auc=0.9206)
Cargando features de /home/JKP6679/Patho-Ensemble/PARADIS/datos/features/cptac_brca/features_ctranspath_monai...

Fold 4: train=77, val=15, test=20
Fold 4: ABMIL entrenado (val_auc=0.9365)
Cargando features de /home/JKP6679/Patho-Ensemble/PARADIS/datos/features/cptac_brca/features_ctranspath_monai...

Fold 5: train=76, val=15, test=21
Fold 5: ABMIL entrenado (val_auc=0.6825)
Cargando features de /home/JKP6679/Patho-Ensemble/PARADIS/datos/features/cptac_brca/features_ctranspath_monai...

Fold 6: train=74, val=16, test=22
Fold 6: ABMIL entrenado (val_auc=0.7800)
Cargando features de /home/JKP6679/Patho-Ensemble/PARADIS/datos/features/cptac_brca/features_ctranspath_monai...

Fold 7: train=78, val=13, test=21
Fold 7: ABMIL entrenado (val_auc=1.0000)
Cargando features de /home/JKP6679/Patho-Ensemble/PARADIS/datos/features/cptac_brca/features_ctranspath_monai...

Fold 8: train=77, val=14, test=21
Fold 8: ABMIL entrenado (val_auc=0.9455)
Cargando features de /home/JKP6679/Patho-Ensemble/PARADIS/datos/features/cptac_brca/features_ctranspath_monai...

Fold 9: train=77, val=14, test=21
Fold 9: ABMIL entrenado (val_auc=0.9048)
Cargando features de /home/JKP6679/Patho-Ensemble/PARADIS/datos/features/cptac_brca/features_ctranspath_monai...

Fold 10: train=75, val=16, test=21
Fold 10: ABMIL entrenado (val_auc=0.7778)
Cargando features de /home/JKP6679/Patho-Ensemble/PARADIS/datos/features/cptac_brca/features_ctranspath_monai...

Fold 11: train=74, val=15, test=23
Fold 11: ABMIL entrenado (val_auc=0.6389)
Cargando features de /home/JKP6679/Patho-Ensemble/PARADIS/datos/features/cptac_brca/features_ctranspath_monai...

Fold 12: train=76, val=16, test=20
Fold 12: ABMIL entrenado (val_auc=0.6667)
Cargando features de /home/JKP6679/Patho-Ensemble/PARADIS/datos/features/cptac_brca/features_ctranspath_monai...

Fold 13: train=75, val=17, test=20
Fold 13: ABMIL entrenado (val_auc=0.8929)
Cargando features de /home/JKP6679/Patho-Ensemble/PARADIS/datos/features/cptac_brca/features_ctranspath_monai...

Fold 14: train=77, val=14, test=21
Fold 14: ABMIL entrenado (val_auc=0.6190)
Cargando features de /home/JKP6679/Patho-Ensemble/PARADIS/datos/features/cptac_brca/features_ctranspath_monai...

Fold 15: train=76, val=14, test=22
Fold 15: ABMIL entrenado (val_auc=0.8571)
Cargando features de /home/JKP6679/Patho-Ensemble/PARADIS/datos/features/cptac_brca/features_ctranspath_monai...

Fold 16: train=77, val=13, test=22
Fold 16: ABMIL entrenado (val_auc=0.8182)
Cargando features de /home/JKP6679/Patho-Ensemble/PARADIS/datos/features/cptac_brca/features_ctranspath_monai...

Fold 17: train=75, val=16, test=21
Fold 17: ABMIL entrenado (val_auc=0.8800)
Cargando features de /home/JKP6679/Patho-Ensemble/PARADIS/datos/features/cptac_brca/features_ctranspath_monai...

Fold 18: train=75, val=16, test=21
Fold 18: ABMIL entrenado (val_auc=0.7857)
Cargando features de /home/JKP6679/Patho-Ensemble/PARADIS/datos/features/cptac_brca/features_ctranspath_monai...

Fold 19: train=73, val=16, test=23
Fold 19: ABMIL entrenado (val_auc=0.7222)
Cargando features de /home/JKP6679/Patho-Ensemble/PARADIS/datos/features/cptac_brca/features_ctranspath_monai...

Fold 20: train=76, val=15, test=21
Fold 20: ABMIL entrenado (val_auc=0.8281)
Cargando features de /home/JKP6679/Patho-Ensemble/PARADIS/datos/features/cptac_brca/features_ctranspath_monai...

Fold 21: train=75, val=13, test=24
Fold 21: ABMIL entrenado (val_auc=0.9074)
Cargando features de /home/JKP6679/Patho-Ensemble/PARADIS/datos/features/cptac_brca/features_ctranspath_monai...

Fold 22: train=74, val=15, test=23
Fold 22: ABMIL entrenado (val_auc=0.9600)
Cargando features de /home/JKP6679/Patho-Ensemble/PARADIS/datos/features/cptac_brca/features_ctranspath_monai...

Fold 23: train=75, val=15, test=22
Fold 23: ABMIL entrenado (val_auc=0.7800)
Cargando features de /home/JKP6679/Patho-Ensemble/PARADIS/datos/features/cptac_brca/features_ctranspath_monai...

Fold 24: train=76, val=14, test=22
Fold 24: ABMIL entrenado (val_auc=0.7833)
Cargando features de /home/JKP6679/Patho-Ensemble/PARADIS/datos/features/cptac_brca/features_ctranspath_monai...

Fold 25: train=77, val=14, test=21
Fold 25: ABMIL entrenado (val_auc=0.6727)
Cargando features de /home/JKP6679/Patho-Ensemble/PARADIS/datos/features/cptac_brca/features_ctranspath_monai...

Fold 26: train=77, val=13, test=22
Fold 26: ABMIL entrenado (val_auc=0.9636)
Cargando features de /home/JKP6679/Patho-Ensemble/PARADIS/datos/features/cptac_brca/features_ctranspath_monai...

Fold 27: train=77, val=14, test=21
Fold 27: ABMIL entrenado (val_auc=0.9167)
Cargando features de /home/JKP6679/Patho-Ensemble/PARADIS/datos/features/cptac_brca/features_ctranspath_monai...

Fold 28: train=79, val=13, test=20
Fold 28: ABMIL entrenado (val_auc=0.8906)
Cargando features de /home/JKP6679/Patho-Ensemble/PARADIS/datos/features/cptac_brca/features_ctranspath_monai...

Fold 29: train=77, val=13, test=22
Fold 29: ABMIL entrenado (val_auc=0.9667)
Cargando features de /home/JKP6679/Patho-Ensemble/PARADIS/datos/features/cptac_brca/features_ctranspath_monai...

Fold 30: train=75, val=16, test=21
Fold 30: ABMIL entrenado (val_auc=0.9259)
Cargando features de /home/JKP6679/Patho-Ensemble/PARADIS/datos/features/cptac_brca/features_ctranspath_monai...

Fold 31: train=77, val=14, test=21
Fold 31: ABMIL entrenado (val_auc=0.8364)
Cargando features de /home/JKP6679/Patho-Ensemble/PARADIS/datos/features/cptac_brca/features_ctranspath_monai...

Fold 32: train=77, val=14, test=21
Fold 32: ABMIL entrenado (val_auc=0.9455)
Cargando features de /home/JKP6679/Patho-Ensemble/PARADIS/datos/features/cptac_brca/features_ctranspath_monai...

Fold 33: train=74, val=15, test=23
Fold 33: ABMIL entrenado (val_auc=0.8333)
Cargando features de /home/JKP6679/Patho-Ensemble/PARADIS/datos/features/cptac_brca/features_ctranspath_monai...

Fold 34: train=75, val=14, test=23
Fold 34: ABMIL entrenado (val_auc=0.8393)
Cargando features de /home/JKP6679/Patho-Ensemble/PARADIS/datos/features/cptac_brca/features_ctranspath_monai...

Fold 35: train=75, val=15, test=22
Fold 35: ABMIL entrenado (val_auc=0.9630)
Cargando features de /home/JKP6679/Patho-Ensemble/PARADIS/datos/features/cptac_brca/features_ctranspath_monai...

Fold 36: train=78, val=14, test=20
Fold 36: ABMIL entrenado (val_auc=0.9048)
Cargando features de /home/JKP6679/Patho-Ensemble/PARADIS/datos/features/cptac_brca/features_ctranspath_monai...

Fold 37: train=75, val=15, test=22
Fold 37: ABMIL entrenado (val_auc=1.0000)
Cargando features de /home/JKP6679/Patho-Ensemble/PARADIS/datos/features/cptac_brca/features_ctranspath_monai...

Fold 38: train=76, val=14, test=22
Fold 38: ABMIL entrenado (val_auc=0.8500)
Cargando features de /home/JKP6679/Patho-Ensemble/PARADIS/datos/features/cptac_brca/features_ctranspath_monai...

Fold 39: train=75, val=15, test=22
Fold 39: ABMIL entrenado (val_auc=0.7963)
Cargando features de /home/JKP6679/Patho-Ensemble/PARADIS/datos/features/cptac_brca/features_ctranspath_monai...

Fold 40: train=77, val=15, test=20
Fold 40: ABMIL entrenado (val_auc=0.7917)
Cargando features de /home/JKP6679/Patho-Ensemble/PARADIS/datos/features/cptac_brca/features_ctranspath_monai...

Fold 41: train=74, val=16, test=22
Fold 41: ABMIL entrenado (val_auc=1.0000)
Cargando features de /home/JKP6679/Patho-Ensemble/PARADIS/datos/features/cptac_brca/features_ctranspath_monai...

Fold 42: train=76, val=16, test=20
Fold 42: ABMIL entrenado (val_auc=0.8542)
Cargando features de /home/JKP6679/Patho-Ensemble/PARADIS/datos/features/cptac_brca/features_ctranspath_monai...

Fold 43: train=77, val=14, test=21
Fold 43: ABMIL entrenado (val_auc=0.8125)
Cargando features de /home/JKP6679/Patho-Ensemble/PARADIS/datos/features/cptac_brca/features_ctranspath_monai...

Fold 44: train=78, val=14, test=20
Fold 44: ABMIL entrenado (val_auc=0.9167)
Cargando features de /home/JKP6679/Patho-Ensemble/PARADIS/datos/features/cptac_brca/features_ctranspath_monai...

Fold 45: train=75, val=15, test=22
Fold 45: ABMIL entrenado (val_auc=0.9444)
Cargando features de /home/JKP6679/Patho-Ensemble/PARADIS/datos/features/cptac_brca/features_ctranspath_monai...

Fold 46: train=77, val=14, test=21
Fold 46: ABMIL entrenado (val_auc=0.8974)
Cargando features de /home/JKP6679/Patho-Ensemble/PARADIS/datos/features/cptac_brca/features_ctranspath_monai...

Fold 47: train=75, val=13, test=24
Fold 47: ABMIL entrenado (val_auc=0.9821)
Cargando features de /home/JKP6679/Patho-Ensemble/PARADIS/datos/features/cptac_brca/features_ctranspath_monai...

Fold 48: train=76, val=14, test=22
Fold 48: ABMIL entrenado (val_auc=0.6000)
Cargando features de /home/JKP6679/Patho-Ensemble/PARADIS/datos/features/cptac_brca/features_ctranspath_monai...

Fold 49: train=77, val=13, test=22
Fold 49: ABMIL entrenado (val_auc=0.9000)

Calculando métricas de validación...
✅ Métricas de validación completadas

Calculando métricas de test...
✅ Métricas de test completadas (50 folds con datos)

✅ Training completed

 meta-features in-sample del brazo espacial
  latent_dim auto-detectado: 768  (de features_ctranspath_monai)

============================================================
ABMIL Test (predicciones sobre train): ctranspath
  Dataset: cptac_brca/TP53_mutation
  Latent dim: 768, Num classes: 2, Folds: 50
============================================================

Cargando features de /home/JKP6679/Patho-Ensemble/PARADIS/datos/features/cptac_brca/features_ctranspath_monai...
Construyendo grafos espaciales (mode=lattice, shuffle=False)...
  112 grafos, grado medio 5.34
